
There are no discarded input sections

Memory Configuration

Name             Origin             Length             Attributes
FLASH            0x08000000         0x00080000         xr
SRAM             0x20000000         0x00018000         xrw
*default*        0x00000000         0xffffffff

Linker script and memory map

                0x00000400                        __max_heap_size = 0x400
                0x00000200                        __max_stack_size = 0x200

.isr_vector     0x08000000      0x150
                0x08000000                        . = ALIGN (0x4)
 *(.isr_vector)
 .isr_vector    0x08000000      0x150 startup.o
                0x08000000                vectors
                0x08000150                        . = ALIGN (0x4)

.text           0x08000150       0x7c
                0x08000150                        . = ALIGN (0x4)
 *(.text)
 .text          0x08000150       0x64 main.o
                0x08000150                main
 .text          0x080001b4       0x16 startup.o
                0x080001b4                reset_handler
                0x080001c2                EXTI15_10_handler
                0x080001c2                DMA1_Stream7_handler
                0x080001c2                USART1_handler
                0x080001c2                TIM1_UP_TIM10_handler
                0x080001c2                EXTI0_handler
                0x080001c2                DMA1_Stream1_handler
                0x080001c2                SDIO_handler
                0x080001c2                NMI_handler
                0x080001c2                DMA2_Stream3_handler
                0x080001c2                TIM2_handler
                0x080001c2                USART2_handler
                0x080001c2                PVD_EXTI16_handler
                0x080001c2                SPI3_handler
                0x080001c2                TIM3_handler
                0x080001c2                WWDG_handler
                0x080001c2                default_handler
                0x080001c2                SPI2_handler
                0x080001c2                SVCall_handler
                0x080001c2                DMA2_Stream6_handler
                0x080001c2                DebugMonitor_handler
                0x080001c2                I2C3_ER_handler
                0x080001c2                SysTick_handler
                0x080001c2                DMA1_Stream3_handler
                0x080001c2                MemManage_handler
                0x080001c2                EXTI9_5_handler
                0x080001c2                SPI4_handler
                0x080001c2                HardFault_handler
                0x080001c2                DMA1_Stream5_handler
                0x080001c2                FPU_handler
                0x080001c2                DMA2_Stream5_handler
                0x080001c2                RCC_handler
                0x080001c2                EXTI2_handler
                0x080001c2                DMA2_Stream1_handler
                0x080001c2                I2C1_ER_handler
                0x080001c2                I2C2_EV_handler
                0x080001c2                RTC_WKUP_EXTI22_handler
                0x080001c2                EXTI3_handler
                0x080001c2                DMA2_Stream0_handler
                0x080001c2                FLASH_handler
                0x080001c2                TAMP_STAMP_EXTI21_handler
                0x080001c2                OTG_FS_handler
                0x080001c2                DMA1_Stream4_handler
                0x080001c2                I2C2_ER_handler
                0x080001c2                TIM1_BRK_TIM9_handler
                0x080001c2                USART6_handler
                0x080001c2                TIM4_handler
                0x080001c2                DMA1_Stream2_handler
                0x080001c2                EXTI4_handler
                0x080001c2                DMA1_Stream6_handler
                0x080001c2                ADC_handler
                0x080001c2                I2C1_EV_handler
                0x080001c2                SPI1_handler
                0x080001c2                OTG_FS_WKUP_EXTI18_handler
                0x080001c2                DMA2_Stream4_handler
                0x080001c2                PendSV_handler
                0x080001c2                DMA2_Stream7_handler
                0x080001c2                UsageFault_handler
                0x080001c2                DMA1_Stream0_handler
                0x080001c2                DMA2_Stream2_handler
                0x080001c2                EXTI1_handler
                0x080001c2                TIM1_TRG_COM_TIM11_handler
                0x080001c2                TIM5_handler
                0x080001c2                RTC_Alarm_EXTI17_handler
                0x080001c2                I2C3_EV_handler
                0x080001c2                BusFault_handler
                0x080001c2                TIM1_CC_handler
 *(.text*)
 *(.rodata)
 *(.rodata*)
                0x080001cc                        . = ALIGN (0x4)
 *fill*         0x080001ca        0x2 
                0x080001cc                        _etext = .
                0x080001cc                        _sidata = LOADADDR (.data)

.glue_7         0x080001cc        0x0
 .glue_7        0x080001cc        0x0 linker stubs

.glue_7t        0x080001cc        0x0
 .glue_7t       0x080001cc        0x0 linker stubs

.vfp11_veneer   0x080001cc        0x0
 .vfp11_veneer  0x080001cc        0x0 linker stubs

.v4_bx          0x080001cc        0x0
 .v4_bx         0x080001cc        0x0 linker stubs

.iplt           0x080001cc        0x0
 .iplt          0x080001cc        0x0 startup.o

.rel.dyn        0x080001cc        0x0
 .rel.iplt      0x080001cc        0x0 startup.o

.data           0x20000000        0x4 load address 0x080001cc
                0x20000000                        . = ALIGN (0x4)
                0x20000000                        _sdata = .
 *(.data)
 .data          0x20000000        0x4 main.o
                0x20000000                size
 .data          0x20000004        0x0 startup.o
 *(.data*)
                0x20000004                        . = ALIGN (0x4)
                0x20000004                        _edata = .

.igot.plt       0x20000004        0x0 load address 0x080001d0
 .igot.plt      0x20000004        0x0 startup.o

.bss            0x20000004        0x4 load address 0x080001d0
                0x20000004                        . = ALIGN (0x4)
                0x20000004                        _bss_start = .
 *(.bss)
 .bss           0x20000004        0x4 main.o
                0x20000004                hello
 .bss           0x20000008        0x0 startup.o
 *(.bss*)
 *(COMMON)
                0x20000008                        . = ALIGN (0x4)
                0x20000008                        _bss_end = .

.heap           0x20000008      0x400 load address 0x080001d0
                0x20000008                        . = ALIGN (0x8)
                [!provide]                        PROVIDE (end = .)
                [!provide]                        PROVIDE (_end = .)
                0x20000408                        . = (. + __max_heap_size)
 *fill*         0x20000008      0x400 
                0x20000408                        . = ALIGN (0x8)

.stack          0x20000408      0x200 load address 0x080001d0
                0x20000408                        . = ALIGN (0x8)
                0x20000608                        . = (. + __max_stack_size)
 *fill*         0x20000408      0x200 
                0x20000608                        . = ALIGN (0x8)
LOAD main.o
LOAD startup.o
OUTPUT(main.out elf32-littlearm)
LOAD linker stubs

.comment        0x00000000       0x45
 .comment       0x00000000       0x45 main.o
                                 0x46 (size before relaxing)
 .comment       0x00000045       0x46 startup.o

.ARM.attributes
                0x00000000       0x34
 .ARM.attributes
                0x00000000       0x34 main.o
 .ARM.attributes
                0x00000034       0x34 startup.o
