
Discarded input sections

 .text          0x00000000        0x4 binaries/main.o
 .data          0x00000000        0x0 binaries/main.o
 .bss           0x00000000        0x0 binaries/main.o
 .comment       0x00000000       0x46 binaries/main.o
 .ARM.attributes
                0x00000000       0x34 binaries/main.o
 .data          0x00000000        0x0 binaries/startup.o
 .bss           0x00000000        0x0 binaries/startup.o
 .comment       0x00000000       0x46 binaries/startup.o
 .ARM.attributes
                0x00000000       0x34 binaries/startup.o

Memory Configuration

Name             Origin             Length             Attributes
FLASH            0x08000000         0x00080000         xr
SRAM             0x20000000         0x00018000         xrw
*default*        0x00000000         0xffffffff

Linker script and memory map

LOAD binaries/main.o
LOAD binaries/startup.o
                0x00000400                        __max_heap_size = 0x400
                0x00000200                        __max_stack_size = 0x200

.isr_vector     0x08000000      0x150
                0x08000000                        . = ALIGN (0x4)
 *(.isr_vector)
 .isr_vector    0x08000000      0x150 binaries/startup.o
                0x08000000                vectors
                0x08000150                        . = ALIGN (0x4)

.text           0x08000150       0x94
                0x08000150                        . = ALIGN (0x4)
 *(.text)
 .text          0x08000150       0x68 binaries/startup.o
                0x08000150                EXTI15_10_handler
                0x08000150                DMA1_Stream7_handler
                0x08000150                USART1_handler
                0x08000150                TIM1_UP_TIM10_handler
                0x08000150                EXTI0_handler
                0x08000150                DMA1_Stream1_handler
                0x08000150                SDIO_handler
                0x08000150                NMI_handler
                0x08000150                DMA2_Stream3_handler
                0x08000150                TIM2_handler
                0x08000150                USART2_handler
                0x08000150                PVD_EXTI16_handler
                0x08000150                SPI3_handler
                0x08000150                TIM3_handler
                0x08000150                WWDG_handler
                0x08000150                default_handler
                0x08000150                SPI2_handler
                0x08000150                SVCall_handler
                0x08000150                DMA2_Stream6_handler
                0x08000150                DebugMonitor_handler
                0x08000150                I2C3_ER_handler
                0x08000150                SysTick_handler
                0x08000150                DMA1_Stream3_handler
                0x08000150                MemManage_handler
                0x08000150                EXTI9_5_handler
                0x08000150                SPI4_handler
                0x08000150                HardFault_handler
                0x08000150                DMA1_Stream5_handler
                0x08000150                FPU_handler
                0x08000150                DMA2_Stream5_handler
                0x08000150                RCC_handler
                0x08000150                EXTI2_handler
                0x08000150                DMA2_Stream1_handler
                0x08000150                I2C1_ER_handler
                0x08000150                I2C2_EV_handler
                0x08000150                RTC_WKUP_EXTI22_handler
                0x08000150                EXTI3_handler
                0x08000150                DMA2_Stream0_handler
                0x08000150                FLASH_handler
                0x08000150                TAMP_STAMP_EXTI21_handler
                0x08000150                OTG_FS_handler
                0x08000150                DMA1_Stream4_handler
                0x08000150                I2C2_ER_handler
                0x08000150                TIM1_BRK_TIM9_handler
                0x08000150                USART6_handler
                0x08000150                TIM4_handler
                0x08000150                DMA1_Stream2_handler
                0x08000150                EXTI4_handler
                0x08000150                DMA1_Stream6_handler
                0x08000150                ADC_handler
                0x08000150                I2C1_EV_handler
                0x08000150                SPI1_handler
                0x08000150                OTG_FS_WKUP_EXTI18_handler
                0x08000150                DMA2_Stream4_handler
                0x08000150                PendSV_handler
                0x08000150                DMA2_Stream7_handler
                0x08000150                UsageFault_handler
                0x08000150                DMA1_Stream0_handler
                0x08000150                DMA2_Stream2_handler
                0x08000150                EXTI1_handler
                0x08000150                TIM1_TRG_COM_TIM11_handler
                0x08000150                TIM5_handler
                0x08000150                RTC_Alarm_EXTI17_handler
                0x08000150                I2C3_EV_handler
                0x08000150                BusFault_handler
                0x08000150                TIM1_CC_handler
                0x08000152                enable_fpu
                0x08000168                reset_handler
 *(.text*)
 .text.startup  0x080001b8       0x2c binaries/main.o
                0x080001b8                main
 *(.rodata)
 *(.rodata*)
                0x080001e4                        . = ALIGN (0x4)
                0x080001e4                        _etext = .
                0x080001e4                        _sidata = LOADADDR (.data)

.glue_7         0x080001e4        0x0
 .glue_7        0x080001e4        0x0 linker stubs

.glue_7t        0x080001e4        0x0
 .glue_7t       0x080001e4        0x0 linker stubs

.vfp11_veneer   0x080001e4        0x0
 .vfp11_veneer  0x080001e4        0x0 linker stubs

.v4_bx          0x080001e4        0x0
 .v4_bx         0x080001e4        0x0 linker stubs

.iplt           0x080001e4        0x0
 .iplt          0x080001e4        0x0 binaries/startup.o

.rel.dyn        0x080001e4        0x0
 .rel.iplt      0x080001e4        0x0 binaries/startup.o

.data           0x20000000        0x0 load address 0x080001e4
                0x20000000                        . = ALIGN (0x4)
                0x20000000                        _sdata = .
 *(.data)
 *(.data*)
                0x20000000                        . = ALIGN (0x4)
                0x20000000                        _edata = .

.igot.plt       0x20000000        0x0 load address 0x080001e4
 .igot.plt      0x20000000        0x0 binaries/startup.o

.bss            0x20000000        0x0 load address 0x080001e4
                0x20000000                        . = ALIGN (0x4)
                0x20000000                        __bss_start__ = .
 *(.bss)
 *(.bss*)
 *(COMMON)
                0x20000000                        . = ALIGN (0x4)
                0x20000000                        __bss_end__ = .

.stack          0x20000000      0x200 load address 0x080001e4
                0x20000000                        . = ALIGN (0x8)
                0x20000000                        _stack_start = .
                0x20000200                        . = (. + __max_stack_size)
 *fill*         0x20000000      0x200 
                0x20000200                        . = ALIGN (0x8)
                0x20000200                        _stack_end = .

.heap           0x20000200      0x400 load address 0x080001e4
                0x20000200                        . = ALIGN (0x8)
                0x20000200                        _heap_start = .
                0x20000600                        . = (. + __max_heap_size)
 *fill*         0x20000200      0x400 
                0x20000600                        . = ALIGN (0x8)
                0x20000600                        _heap_end = .
                0x20000600                        _end = .

/DISCARD/
 *(.comment)
 *(.ARM.attributes)
 *(.note.GNU-stack)
                0x20018000                        _estack = (ORIGIN (SRAM) + LENGTH (SRAM))
OUTPUT(binaries/output.elf elf32-littlearm)
LOAD linker stubs
