Archive member included to satisfy reference by file (symbol)

/home/raj/Downloads/arm-gnu-toolchain-14.2.rel1-x86_64-arm-none-eabi/bin/../lib/gcc/arm-none-eabi/14.2.1/thumb/v7e-m+fp/hard/libgcc.a(_arm_addsubdf3.o)
                              binaries/neural_net.o (__aeabi_dadd)
/home/raj/Downloads/arm-gnu-toolchain-14.2.rel1-x86_64-arm-none-eabi/bin/../lib/gcc/arm-none-eabi/14.2.1/thumb/v7e-m+fp/hard/libgcc.a(_arm_truncdfsf2.o)
                              binaries/neural_net.o (__aeabi_d2f)
/home/raj/Downloads/arm-gnu-toolchain-14.2.rel1-x86_64-arm-none-eabi/bin/../lib/gcc/arm-none-eabi/14.2.1/../../../../arm-none-eabi/lib/thumb/v7e-m+fp/hard/libc_nano.a(libc_a-exit.o)
                              /home/raj/Downloads/arm-gnu-toolchain-14.2.rel1-x86_64-arm-none-eabi/bin/../lib/gcc/arm-none-eabi/14.2.1/../../../../arm-none-eabi/lib/thumb/v7e-m+fp/hard/crt0.o (exit)
/home/raj/Downloads/arm-gnu-toolchain-14.2.rel1-x86_64-arm-none-eabi/bin/../lib/gcc/arm-none-eabi/14.2.1/../../../../arm-none-eabi/lib/thumb/v7e-m+fp/hard/libc_nano.a(libc_a-findfp.o)
                              /home/raj/Downloads/arm-gnu-toolchain-14.2.rel1-x86_64-arm-none-eabi/bin/../lib/gcc/arm-none-eabi/14.2.1/../../../../arm-none-eabi/lib/thumb/v7e-m+fp/hard/libc_nano.a(libc_a-exit.o) (__stdio_exit_handler)
/home/raj/Downloads/arm-gnu-toolchain-14.2.rel1-x86_64-arm-none-eabi/bin/../lib/gcc/arm-none-eabi/14.2.1/../../../../arm-none-eabi/lib/thumb/v7e-m+fp/hard/libc_nano.a(libc_a-fwalk.o)
                              /home/raj/Downloads/arm-gnu-toolchain-14.2.rel1-x86_64-arm-none-eabi/bin/../lib/gcc/arm-none-eabi/14.2.1/../../../../arm-none-eabi/lib/thumb/v7e-m+fp/hard/libc_nano.a(libc_a-findfp.o) (_fwalk_sglue)
/home/raj/Downloads/arm-gnu-toolchain-14.2.rel1-x86_64-arm-none-eabi/bin/../lib/gcc/arm-none-eabi/14.2.1/../../../../arm-none-eabi/lib/thumb/v7e-m+fp/hard/libc_nano.a(libc_a-printf.o)
                              binaries/neural_net.o (printf)
/home/raj/Downloads/arm-gnu-toolchain-14.2.rel1-x86_64-arm-none-eabi/bin/../lib/gcc/arm-none-eabi/14.2.1/../../../../arm-none-eabi/lib/thumb/v7e-m+fp/hard/libc_nano.a(libc_a-putchar.o)
                              binaries/neural_net.o (putchar)
/home/raj/Downloads/arm-gnu-toolchain-14.2.rel1-x86_64-arm-none-eabi/bin/../lib/gcc/arm-none-eabi/14.2.1/../../../../arm-none-eabi/lib/thumb/v7e-m+fp/hard/libc_nano.a(libc_a-puts.o)
                              binaries/neural_net.o (puts)
/home/raj/Downloads/arm-gnu-toolchain-14.2.rel1-x86_64-arm-none-eabi/bin/../lib/gcc/arm-none-eabi/14.2.1/../../../../arm-none-eabi/lib/thumb/v7e-m+fp/hard/libc_nano.a(libc_a-sprintf.o)
                              binaries/neural_net.o (sprintf)
/home/raj/Downloads/arm-gnu-toolchain-14.2.rel1-x86_64-arm-none-eabi/bin/../lib/gcc/arm-none-eabi/14.2.1/../../../../arm-none-eabi/lib/thumb/v7e-m+fp/hard/libc_nano.a(libc_a-stdio.o)
                              /home/raj/Downloads/arm-gnu-toolchain-14.2.rel1-x86_64-arm-none-eabi/bin/../lib/gcc/arm-none-eabi/14.2.1/../../../../arm-none-eabi/lib/thumb/v7e-m+fp/hard/libc_nano.a(libc_a-findfp.o) (__sread)
/home/raj/Downloads/arm-gnu-toolchain-14.2.rel1-x86_64-arm-none-eabi/bin/../lib/gcc/arm-none-eabi/14.2.1/../../../../arm-none-eabi/lib/thumb/v7e-m+fp/hard/libc_nano.a(libc_a-wbuf.o)
                              /home/raj/Downloads/arm-gnu-toolchain-14.2.rel1-x86_64-arm-none-eabi/bin/../lib/gcc/arm-none-eabi/14.2.1/../../../../arm-none-eabi/lib/thumb/v7e-m+fp/hard/libc_nano.a(libc_a-puts.o) (__swbuf_r)
/home/raj/Downloads/arm-gnu-toolchain-14.2.rel1-x86_64-arm-none-eabi/bin/../lib/gcc/arm-none-eabi/14.2.1/../../../../arm-none-eabi/lib/thumb/v7e-m+fp/hard/libc_nano.a(libc_a-wsetup.o)
                              /home/raj/Downloads/arm-gnu-toolchain-14.2.rel1-x86_64-arm-none-eabi/bin/../lib/gcc/arm-none-eabi/14.2.1/../../../../arm-none-eabi/lib/thumb/v7e-m+fp/hard/libc_nano.a(libc_a-puts.o) (__swsetup_r)
/home/raj/Downloads/arm-gnu-toolchain-14.2.rel1-x86_64-arm-none-eabi/bin/../lib/gcc/arm-none-eabi/14.2.1/../../../../arm-none-eabi/lib/thumb/v7e-m+fp/hard/libc_nano.a(libc_a-memset.o)
                              /home/raj/Downloads/arm-gnu-toolchain-14.2.rel1-x86_64-arm-none-eabi/bin/../lib/gcc/arm-none-eabi/14.2.1/../../../../arm-none-eabi/lib/thumb/v7e-m+fp/hard/crt0.o (memset)
/home/raj/Downloads/arm-gnu-toolchain-14.2.rel1-x86_64-arm-none-eabi/bin/../lib/gcc/arm-none-eabi/14.2.1/../../../../arm-none-eabi/lib/thumb/v7e-m+fp/hard/libc_nano.a(libc_a-closer.o)
                              /home/raj/Downloads/arm-gnu-toolchain-14.2.rel1-x86_64-arm-none-eabi/bin/../lib/gcc/arm-none-eabi/14.2.1/../../../../arm-none-eabi/lib/thumb/v7e-m+fp/hard/libc_nano.a(libc_a-stdio.o) (_close_r)
/home/raj/Downloads/arm-gnu-toolchain-14.2.rel1-x86_64-arm-none-eabi/bin/../lib/gcc/arm-none-eabi/14.2.1/../../../../arm-none-eabi/lib/thumb/v7e-m+fp/hard/libc_nano.a(libc_a-reent.o)
[...]
Memory Configuration

Name             Origin             Length             Attributes
FLASH            0x08000000         0x00080000         xr
SRAM             0x20000000         0x00018000         xrw
*default*        0x00000000         0xffffffff

Linker script and memory map

LOAD /home/raj/Downloads/arm-gnu-toolchain-14.2.rel1-x86_64-arm-none-eabi/bin/../lib/gcc/arm-none-eabi/14.2.1/thumb/v7e-m+fp/hard/crti.o
LOAD /home/raj/Downloads/arm-gnu-toolchain-14.2.rel1-x86_64-arm-none-eabi/bin/../lib/gcc/arm-none-eabi/14.2.1/thumb/v7e-m+fp/hard/crtbegin.o
LOAD /home/raj/Downloads/arm-gnu-toolchain-14.2.rel1-x86_64-arm-none-eabi/bin/../lib/gcc/arm-none-eabi/14.2.1/../../../../arm-none-eabi/lib/thumb/v7e-m+fp/hard/crt0.o
LOAD binaries/expf.o
LOAD binaries/main.o
LOAD binaries/neo_alloc.o
LOAD binaries/neural_net.o
LOAD binaries/startup.o
LOAD binaries/syscall.o
START GROUP
LOAD /home/raj/Downloads/arm-gnu-toolchain-14.2.rel1-x86_64-arm-none-eabi/bin/../lib/gcc/arm-none-eabi/14.2.1/thumb/v7e-m+fp/hard/libgcc.a
LOAD /home/raj/Downloads/arm-gnu-toolchain-14.2.rel1-x86_64-arm-none-eabi/bin/../lib/gcc/arm-none-eabi/14.2.1/../../../../arm-none-eabi/lib/thumb/v7e-m+fp/hard/libc_nano.a
END GROUP
START GROUP
LOAD /home/raj/Downloads/arm-gnu-toolchain-14.2.rel1-x86_64-arm-none-eabi/bin/../lib/gcc/arm-none-eabi/14.2.1/thumb/v7e-m+fp/hard/libgcc.a
LOAD /home/raj/Downloads/arm-gnu-toolchain-14.2.rel1-x86_64-arm-none-eabi/bin/../lib/gcc/arm-none-eabi/14.2.1/../../../../arm-none-eabi/lib/thumb/v7e-m+fp/hard/libc_nano.a
END GROUP
LOAD /home/raj/Downloads/arm-gnu-toolchain-14.2.rel1-x86_64-arm-none-eabi/bin/../lib/gcc/arm-none-eabi/14.2.1/thumb/v7e-m+fp/hard/crtend.o
LOAD /home/raj/Downloads/arm-gnu-toolchain-14.2.rel1-x86_64-arm-none-eabi/bin/../lib/gcc/arm-none-eabi/14.2.1/thumb/v7e-m+fp/hard/crtn.o
                0x00001f00                        __max_heap_size = 0x1f00
                0x00001f00                        __max_stack_size = 0x1f00

.isr_vector     0x08000000      0x150
                0x08000000                        . = ALIGN (0x4)
 *(.isr_vector)
 .isr_vector    0x08000000      0x150 binaries/startup.o
                0x08000000                vectors
                0x08000150                        . = ALIGN (0x4)

.text           0x08000150     0x2de8
                0x08000150                        . = ALIGN (0x4)
 *(.text)
 .text          0x08000150      0x148 binaries/expf.o
                0x080001c8                expf
 .text          0x08000298      0x128 binaries/main.o
                0x08000298                main
 .text          0x080003c0      0x29c binaries/neo_alloc.o
                0x080004ae                neo_heap_init
                0x080004f0                neo_alloc
                0x080005d4                neo_free
 *fill*         0x0800065c        0x4 
 .text          0x08000660      0xe50 binaries/neural_net.o
                0x08000660                mat_alloc
                0x080006c8                mat_print
                0x08000770                mat_rand
                0x0800082c                mat_dealloc
                0x08000850                mat_sum
                0x080008ee                mat_fill
                0x08000956                mat_dot
                0x08000a5e                mat_sig
                0x08000b26                nn_print
                0x08000bbc                nn_alloc
                0x08000d68                randomize_parameters_NN
                0x08000df4                forward_NN
                0x08000e80                cost_NN
                0x08000f98                diff
                0x080010c6                delta
                0x080012e8                gradient_descent
                0x08001460                learn
 .text          0x080014b0       0xb0 binaries/startup.o
                0x080014b0                enable_fpu
                0x080014d4                reset_handler
                0x08001558                EXTI15_10_handler
                0x08001558                DMA1_Stream7_handler
                0x08001558                USART1_handler
                0x08001558                TIM1_UP_TIM10_handler
                0x08001558                EXTI0_handler
                0x08001558                DMA1_Stream1_handler
                0x08001558                SDIO_handler
                0x08001558                NMI_handler
                0x08001558                DMA2_Stream3_handler
                0x08001558                TIM2_handler
                0x08001558                USART2_handler
                0x08001558                PVD_EXTI16_handler
                0x08001558                SPI3_handler
                0x08001558                TIM3_handler
                0x08001558                WWDG_handler
                0x08001558                default_handler
                0x08001558                SPI2_handler
                0x08001558                SVCall_handler
                0x08001558                DMA2_Stream6_handler
                0x08001558                DebugMonitor_handler
                0x08001558                I2C3_ER_handler
                0x08001558                SysTick_handler
                0x08001558                DMA1_Stream3_handler
                0x08001558                MemManage_handler
                0x08001558                EXTI9_5_handler
                0x08001558                SPI4_handler
                0x08001558                HardFault_handler
                0x08001558                DMA1_Stream5_handler
                0x08001558                FPU_handler
                0x08001558                DMA2_Stream5_handler
                0x08001558                RCC_handler
                0x08001558                EXTI2_handler
                0x08001558                DMA2_Stream1_handler
                0x08001558                I2C1_ER_handler
                0x08001558                I2C2_EV_handler
                0x08001558                RTC_WKUP_EXTI22_handler
                0x08001558                EXTI3_handler
                0x08001558                DMA2_Stream0_handler
                0x08001558                FLASH_handler
                0x08001558                TAMP_STAMP_EXTI21_handler
                0x08001558                OTG_FS_handler
                0x08001558                DMA1_Stream4_handler
                0x08001558                I2C2_ER_handler
                0x08001558                TIM1_BRK_TIM9_handler
                0x08001558                USART6_handler
                0x08001558                TIM4_handler
                0x08001558                DMA1_Stream2_handler
                0x08001558                EXTI4_handler
                0x08001558                DMA1_Stream6_handler
                0x08001558                ADC_handler
                0x08001558                I2C1_EV_handler
                0x08001558                SPI1_handler
                0x08001558                OTG_FS_WKUP_EXTI18_handler
                0x08001558                DMA2_Stream4_handler
                0x08001558                PendSV_handler
                0x08001558                DMA2_Stream7_handler
                0x08001558                UsageFault_handler
                0x08001558                DMA1_Stream0_handler
                0x08001558                DMA2_Stream2_handler
                0x08001558                EXTI1_handler
                0x08001558                TIM1_TRG_COM_TIM11_handler
                0x08001558                TIM5_handler
                0x08001558                RTC_Alarm_EXTI17_handler
                0x08001558                I2C3_EV_handler
                0x08001558                BusFault_handler
                0x08001558                TIM1_CC_handler
 .text          0x08001560      0x160 binaries/syscall.o
                0x08001560                _sbrk
                0x080015a8                _exit
                0x080015b4                _read
                0x080015ce                _getpid
                0x080015de                _write
                0x080015f8                _close
                0x0800160e                _lseek
                0x08001628                _fstat
                0x08001640                _isatty
                0x08001656                _kill
                0x08001670                _fcntl
                0x0800168c                _dup
                0x080016a4                _dup2
 .text          0x080016c0      0x378 /home/raj/Downloads/arm-gnu-toolchain-14.2.rel1-x86_64-arm-none-eabi/bin/../lib/gcc/arm-none-eabi/14.2.1/thumb/v7e-m+fp/hard/libgcc.a(_arm_addsubdf3.o)
                0x080016c0                __aeabi_drsub
                0x080016c8                __aeabi_dsub
                0x080016c8                __subdf3
                0x080016cc                __adddf3
                0x080016cc                __aeabi_dadd
                0x08001944                __aeabi_ui2d
                0x08001944                __floatunsidf
                0x08001964                __floatsidf
                0x08001964                __aeabi_i2d
                0x08001988                __extendsfdf2
                0x08001988                __aeabi_f2d
                0x080019cc                __aeabi_ul2d
                0x080019cc                __floatundidf
                0x080019dc                __floatdidf
                0x080019dc                __aeabi_l2d
 .text          0x08001a38       0xa0 /home/raj/Downloads/arm-gnu-toolchain-14.2.rel1-x86_64-arm-none-eabi/bin/../lib/gcc/arm-none-eabi/14.2.1/thumb/v7e-m+fp/hard/libgcc.a(_arm_truncdfsf2.o)
                0x08001a38                __aeabi_d2f
                0x08001a38                __truncdfsf2
 *fill*         0x08001ad8        0x8 
 .text          0x08001ae0       0xa0 /home/raj/Downloads/arm-gnu-toolchain-14.2.rel1-x86_64-arm-none-eabi/bin/../lib/gcc/arm-none-eabi/14.2.1/../../../../arm-none-eabi/lib/thumb/v7e-m+fp/hard/libc_nano.a(libc_a-memchr.o)
                0x08001ae0                memchr
 *(.text*)
 .text.std      0x08001b80       0x6c /home/raj/Downloads/arm-gnu-toolchain-14.2.rel1-x86_64-arm-none-eabi/bin/../lib/gcc/arm-none-eabi/14.2.1/../../../../arm-none-eabi/lib/thumb/v7e-m+fp/hard/libc_nano.a(libc_a-findfp.o)
 .text.stdio_exit_handler
                0x08001bec       0x18 /home/raj/Downloads/arm-gnu-toolchain-14.2.rel1-x86_64-arm-none-eabi/bin/../lib/gcc/arm-none-eabi/14.2.1/../../../../arm-none-eabi/lib/thumb/v7e-m+fp/hard/libc_nano.a(libc_a-findfp.o)
 .text.cleanup_stdio
                0x08001c04       0x40 /home/raj/Downloads/arm-gnu-toolchain-14.2.rel1-x86_64-arm-none-eabi/bin/../lib/gcc/arm-none-eabi/14.2.1/../../../../arm-none-eabi/lib/thumb/v7e-m+fp/hard/libc_nano.a(libc_a-findfp.o)
 .text.global_stdio_init.part.0
                0x08001c44       0x40 /home/raj/Downloads/arm-gnu-toolchain-14.2.rel1-x86_64-arm-none-eabi/bin/../lib/gcc/arm-none-eabi/14.2.1/../../../../arm-none-eabi/lib/thumb/v7e-m+fp/hard/libc_nano.a(libc_a-findfp.o)
 .text.__sfp_lock_acquire
                0x08001c84        0xc /home/raj/Downloads/arm-gnu-toolchain-14.2.rel1-x86_64-arm-none-eabi/bin/../lib/gcc/arm-none-eabi/14.2.1/../../../../arm-none-eabi/lib/thumb/v7e-m+fp/hard/libc_nano.a(libc_a-findfp.o)
                0x08001c84                __sfp_lock_acquire
 .text.__sfp_lock_release
                0x08001c90        0xc /home/raj/Downloads/arm-gnu-toolchain-14.2.rel1-x86_64-arm-none-eabi/bin/../lib/gcc/arm-none-eabi/14.2.1/../../../../arm-none-eabi/lib/thumb/v7e-m+fp/hard/libc_nano.a(libc_a-findfp.o)
                0x08001c90                __sfp_lock_release
 .text.__sinit  0x08001c9c       0x30 /home/raj/Downloads/arm-gnu-toolchain-14.2.rel1-x86_64-arm-none-eabi/bin/../lib/gcc/arm-none-eabi/14.2.1/../../../../arm-none-eabi/lib/thumb/v7e-m+fp/hard/libc_nano.a(libc_a-findfp.o)
                0x08001c9c                __sinit
 .text._fwalk_sglue
                0x08001ccc       0x3c /home/raj/Downloads/arm-gnu-toolchain-14.2.rel1-x86_64-arm-none-eabi/bin/../lib/gcc/arm-none-eabi/14.2.1/../../../../arm-none-eabi/lib/thumb/v7e-m+fp/hard/libc_nano.a(libc_a-fwalk.o)
                0x08001ccc                _fwalk_sglue
 .text.printf   0x08001d08       0x24 /home/raj/Downloads/arm-gnu-toolchain-14.2.rel1-x86_64-arm-none-eabi/bin/../lib/gcc/arm-none-eabi/14.2.1/../../../../arm-none-eabi/lib/thumb/v7e-m+fp/hard/libc_nano.a(libc_a-printf.o)
                0x08001d08                printf
                0x08001d08                iprintf
 .text.putchar  0x08001d2c       0x10 /home/raj/Downloads/arm-gnu-toolchain-14.2.rel1-x86_64-arm-none-eabi/bin/../lib/gcc/arm-none-eabi/14.2.1/../../../../arm-none-eabi/lib/thumb/v7e-m+fp/hard/libc_nano.a(libc_a-putchar.o)
                0x08001d2c                putchar
 .text._puts_r  0x08001d3c       0xaa /home/raj/Downloads/arm-gnu-toolchain-14.2.rel1-x86_64-arm-none-eabi/bin/../lib/gcc/arm-none-eabi/14.2.1/../../../../arm-none-eabi/lib/thumb/v7e-m+fp/hard/libc_nano.a(libc_a-puts.o)
                0x08001d3c                _puts_r
 *fill*         0x08001de6        0x2 
 .text.puts     0x08001de8       0x10 /home/raj/Downloads/arm-gnu-toolchain-14.2.rel1-x86_64-arm-none-eabi/bin/../lib/gcc/arm-none-eabi/14.2.1/../../../../arm-none-eabi/lib/thumb/v7e-m+fp/hard/libc_nano.a(libc_a-puts.o)
                0x08001de8                puts
 .text.sprintf  0x08001df8       0x44 /home/raj/Downloads/arm-gnu-toolchain-14.2.rel1-x86_64-arm-none-eabi/bin/../lib/gcc/arm-none-eabi/14.2.1/../../../../arm-none-eabi/lib/thumb/v7e-m+fp/hard/libc_nano.a(libc_a-sprintf.o)
                0x08001df8                sprintf
                0x08001df8                siprintf
 .text.__sread  0x08001e3c       0x22 /home/raj/Downloads/arm-gnu-toolchain-14.2.rel1-x86_64-arm-none-eabi/bin/../lib/gcc/arm-none-eabi/14.2.1/../../../../arm-none-eabi/lib/thumb/v7e-m+fp/hard/libc_nano.a(libc_a-stdio.o)
                0x08001e3c                __sread
 .text.__swrite
                0x08001e5e       0x38 /home/raj/Downloads/arm-gnu-toolchain-14.2.rel1-x86_64-arm-none-eabi/bin/../lib/gcc/arm-none-eabi/14.2.1/../../../../arm-none-eabi/lib/thumb/v7e-m+fp/hard/libc_nano.a(libc_a-stdio.o)
                0x08001e5e                __swrite
 .text.__sseek  0x08001e96       0x26 /home/raj/Downloads/arm-gnu-toolchain-14.2.rel1-x86_64-arm-none-eabi/bin/../lib/gcc/arm-none-eabi/14.2.1/../../../../arm-none-eabi/lib/thumb/v7e-m+fp/hard/libc_nano.a(libc_a-stdio.o)
                0x08001e96                __sseek
 .text.__sclose
                0x08001ebc        0x8 /home/raj/Downloads/arm-gnu-toolchain-14.2.rel1-x86_64-arm-none-eabi/bin/../lib/gcc/arm-none-eabi/14.2.1/../../../../arm-none-eabi/lib/thumb/v7e-m+fp/hard/libc_nano.a(libc_a-stdio.o)
                0x08001ebc                __sclose
 .text.__swbuf_r
                0x08001ec4       0x7c /home/raj/Downloads/arm-gnu-toolchain-14.2.rel1-x86_64-arm-none-eabi/bin/../lib/gcc/arm-none-eabi/14.2.1/../../../../arm-none-eabi/lib/thumb/v7e-m+fp/hard/libc_nano.a(libc_a-wbuf.o)
                0x08001ec4                __swbuf_r
 .text.__swsetup_r
                0x08001f40       0xa8 /home/raj/Downloads/arm-gnu-toolchain-14.2.rel1-x86_64-arm-none-eabi/bin/../lib/gcc/arm-none-eabi/14.2.1/../../../../arm-none-eabi/lib/thumb/v7e-m+fp/hard/libc_nano.a(libc_a-wsetup.o)
                0x08001f40                __swsetup_r
 .text.memset   0x08001fe8       0x10 /home/raj/Downloads/arm-gnu-toolchain-14.2.rel1-x86_64-arm-none-eabi/bin/../lib/gcc/arm-none-eabi/14.2.1/../../../../arm-none-eabi/lib/thumb/v7e-m+fp/hard/libc_nano.a(libc_a-memset.o)
                0x08001fe8                memset
 .text._close_r
                0x08001ff8       0x20 /home/raj/Downloads/arm-gnu-toolchain-14.2.rel1-x86_64-arm-none-eabi/bin/../lib/gcc/arm-none-eabi/14.2.1/../../../../arm-none-eabi/lib/thumb/v7e-m+fp/hard/libc_nano.a(libc_a-closer.o)
                0x08001ff8                _close_r
 .text._lseek_r
                0x08002018       0x24 /home/raj/Downloads/arm-gnu-toolchain-14.2.rel1-x86_64-arm-none-eabi/bin/../lib/gcc/arm-none-eabi/14.2.1/../../../../arm-none-eabi/lib/thumb/v7e-m+fp/hard/libc_nano.a(libc_a-lseekr.o)
                0x08002018                _lseek_r
 .text._read_r  0x0800203c       0x24 /home/raj/Downloads/arm-gnu-toolchain-14.2.rel1-x86_64-arm-none-eabi/bin/../lib/gcc/arm-none-eabi/14.2.1/../../../../arm-none-eabi/lib/thumb/v7e-m+fp/hard/libc_nano.a(libc_a-readr.o)
                0x0800203c                _read_r
 .text._write_r
                0x08002060       0x24 /home/raj/Downloads/arm-gnu-toolchain-14.2.rel1-x86_64-arm-none-eabi/bin/../lib/gcc/arm-none-eabi/14.2.1/../../../../arm-none-eabi/lib/thumb/v7e-m+fp/hard/libc_nano.a(libc_a-writer.o)
                0x08002060                _write_r
 .text.__retarget_lock_init_recursive
                0x08002084        0x2 /home/raj/Downloads/arm-gnu-toolchain-14.2.rel1-x86_64-arm-none-eabi/bin/../lib/gcc/arm-none-eabi/14.2.1/../../../../arm-none-eabi/lib/thumb/v7e-m+fp/hard/libc_nano.a(libc_a-lock.o)
                0x08002084                __retarget_lock_init_recursive
 .text.__retarget_lock_acquire_recursive
                0x08002086        0x2 /home/raj/Downloads/arm-gnu-toolchain-14.2.rel1-x86_64-arm-none-eabi/bin/../lib/gcc/arm-none-eabi/14.2.1/../../../../arm-none-eabi/lib/thumb/v7e-m+fp/hard/libc_nano.a(libc_a-lock.o)
                0x08002086                __retarget_lock_acquire_recursive
 .text.__retarget_lock_release_recursive
                0x08002088        0x2 /home/raj/Downloads/arm-gnu-toolchain-14.2.rel1-x86_64-arm-none-eabi/bin/../lib/gcc/arm-none-eabi/14.2.1/../../../../arm-none-eabi/lib/thumb/v7e-m+fp/hard/libc_nano.a(libc_a-lock.o)
                0x08002088                __retarget_lock_release_recursive
 *fill*         0x0800208a        0x2 
 .text._free_r  0x0800208c       0x94 /home/raj/Downloads/arm-gnu-toolchain-14.2.rel1-x86_64-arm-none-eabi/bin/../lib/gcc/arm-none-eabi/14.2.1/../../../../arm-none-eabi/lib/thumb/v7e-m+fp/hard/libc_nano.a(libc_a-freer.o)
                0x0800208c                _free_r
 .text.sbrk_aligned
                0x08002120       0x44 /home/raj/Downloads/arm-gnu-toolchain-14.2.rel1-x86_64-arm-none-eabi/bin/../lib/gcc/arm-none-eabi/14.2.1/../../../../arm-none-eabi/lib/thumb/v7e-m+fp/hard/libc_nano.a(libc_a-mallocr.o)
 .text._malloc_r
                0x08002164      0x100 /home/raj/Downloads/arm-gnu-toolchain-14.2.rel1-x86_64-arm-none-eabi/bin/../lib/gcc/arm-none-eabi/14.2.1/../../../../arm-none-eabi/lib/thumb/v7e-m+fp/hard/libc_nano.a(libc_a-mallocr.o)
                0x08002164                _malloc_r
 .text.__malloc_lock
                0x08002264        0xc /home/raj/Downloads/arm-gnu-toolchain-14.2.rel1-x86_64-arm-none-eabi/bin/../lib/gcc/arm-none-eabi/14.2.1/../../../../arm-none-eabi/lib/thumb/v7e-m+fp/hard/libc_nano.a(libc_a-mlock.o)
                0x08002264                __malloc_lock
 .text.__malloc_unlock
                0x08002270        0xc /home/raj/Downloads/arm-gnu-toolchain-14.2.rel1-x86_64-arm-none-eabi/bin/../lib/gcc/arm-none-eabi/14.2.1/../../../../arm-none-eabi/lib/thumb/v7e-m+fp/hard/libc_nano.a(libc_a-mlock.o)
                0x08002270                __malloc_unlock
 .text.__ssputs_r
                0x0800227c       0xc0 /home/raj/Downloads/arm-gnu-toolchain-14.2.rel1-x86_64-arm-none-eabi/bin/../lib/gcc/arm-none-eabi/14.2.1/../../../../arm-none-eabi/lib/thumb/v7e-m+fp/hard/libc_nano.a(libc_a-nano-svfprintf.o)
                0x0800227c                __ssputs_r
 .text._svfprintf_r
                0x0800233c      0x1f8 /home/raj/Downloads/arm-gnu-toolchain-14.2.rel1-x86_64-arm-none-eabi/bin/../lib/gcc/arm-none-eabi/14.2.1/../../../../arm-none-eabi/lib/thumb/v7e-m+fp/hard/libc_nano.a(libc_a-nano-svfprintf.o)
                0x0800233c                _svfprintf_r
                0x0800233c                _svfiprintf_r
 .text.__sfputc_r
                0x08002534       0x2e /home/raj/Downloads/arm-gnu-toolchain-14.2.rel1-x86_64-arm-none-eabi/bin/../lib/gcc/arm-none-eabi/14.2.1/../../../../arm-none-eabi/lib/thumb/v7e-m+fp/hard/libc_nano.a(libc_a-nano-vfprintf.o)
 .text.__sfputs_r
                0x08002562       0x24 /home/raj/Downloads/arm-gnu-toolchain-14.2.rel1-x86_64-arm-none-eabi/bin/../lib/gcc/arm-none-eabi/14.2.1/../../../../arm-none-eabi/lib/thumb/v7e-m+fp/hard/libc_nano.a(libc_a-nano-vfprintf.o)
                0x08002562                __sfputs_r
 *fill*         0x08002586        0x2 
 .text._vfprintf_r
                0x08002588      0x230 /home/raj/Downloads/arm-gnu-toolchain-14.2.rel1-x86_64-arm-none-eabi/bin/../lib/gcc/arm-none-eabi/14.2.1/../../../../arm-none-eabi/lib/thumb/v7e-m+fp/hard/libc_nano.a(libc_a-nano-vfprintf.o)
                0x08002588                _vfiprintf_r
                0x08002588                _vfprintf_r
 .text._printf_common
                0x080027b8       0xda /home/raj/Downloads/arm-gnu-toolchain-14.2.rel1-x86_64-arm-none-eabi/bin/../lib/gcc/arm-none-eabi/14.2.1/../../../../arm-none-eabi/lib/thumb/v7e-m+fp/hard/libc_nano.a(libc_a-nano-vfprintf_i.o)
                0x080027b8                _printf_common
 *fill*         0x08002892        0x2 
 .text._printf_i
                0x08002894      0x240 /home/raj/Downloads/arm-gnu-toolchain-14.2.rel1-x86_64-arm-none-eabi/bin/../lib/gcc/arm-none-eabi/14.2.1/../../../../arm-none-eabi/lib/thumb/v7e-m+fp/hard/libc_nano.a(libc_a-nano-vfprintf_i.o)
                0x08002894                _printf_i
 .text.__sflush_r
                0x08002ad4      0x104 /home/raj/Downloads/arm-gnu-toolchain-14.2.rel1-x86_64-arm-none-eabi/bin/../lib/gcc/arm-none-eabi/14.2.1/../../../../arm-none-eabi/lib/thumb/v7e-m+fp/hard/libc_nano.a(libc_a-fflush.o)
                0x08002ad4                __sflush_r
 .text._fflush_r
                0x08002bd8       0x50 /home/raj/Downloads/arm-gnu-toolchain-14.2.rel1-x86_64-arm-none-eabi/bin/../lib/gcc/arm-none-eabi/14.2.1/../../../../arm-none-eabi/lib/thumb/v7e-m+fp/hard/libc_nano.a(libc_a-fflush.o)
                0x08002bd8                _fflush_r
 .text.__swhatbuf_r
                0x08002c28       0x48 /home/raj/Downloads/arm-gnu-toolchain-14.2.rel1-x86_64-arm-none-eabi/bin/../lib/gcc/arm-none-eabi/14.2.1/../../../../arm-none-eabi/lib/thumb/v7e-m+fp/hard/libc_nano.a(libc_a-makebuf.o)
                0x08002c28                __swhatbuf_r
 .text.__smakebuf_r
                0x08002c70       0x72 /home/raj/Downloads/arm-gnu-toolchain-14.2.rel1-x86_64-arm-none-eabi/bin/../lib/gcc/arm-none-eabi/14.2.1/../../../../arm-none-eabi/lib/thumb/v7e-m+fp/hard/libc_nano.a(libc_a-makebuf.o)
                0x08002c70                __smakebuf_r
 .text._putc_r  0x08002ce2       0x68 /home/raj/Downloads/arm-gnu-toolchain-14.2.rel1-x86_64-arm-none-eabi/bin/../lib/gcc/arm-none-eabi/14.2.1/../../../../arm-none-eabi/lib/thumb/v7e-m+fp/hard/libc_nano.a(libc_a-putc.o)
                0x08002ce2                _putc_r
 .text.memmove  0x08002d4a       0x32 /home/raj/Downloads/arm-gnu-toolchain-14.2.rel1-x86_64-arm-none-eabi/bin/../lib/gcc/arm-none-eabi/14.2.1/../../../../arm-none-eabi/lib/thumb/v7e-m+fp/hard/libc_nano.a(libc_a-memmove.o)
                0x08002d4a                memmove
 .text._fstat_r
                0x08002d7c       0x24 /home/raj/Downloads/arm-gnu-toolchain-14.2.rel1-x86_64-arm-none-eabi/bin/../lib/gcc/arm-none-eabi/14.2.1/../../../../arm-none-eabi/lib/thumb/v7e-m+fp/hard/libc_nano.a(libc_a-fstatr.o)
                0x08002d7c                _fstat_r
 .text._isatty_r
                0x08002da0       0x20 /home/raj/Downloads/arm-gnu-toolchain-14.2.rel1-x86_64-arm-none-eabi/bin/../lib/gcc/arm-none-eabi/14.2.1/../../../../arm-none-eabi/lib/thumb/v7e-m+fp/hard/libc_nano.a(libc_a-isattyr.o)
                0x08002da0                _isatty_r
 .text._sbrk_r  0x08002dc0       0x20 /home/raj/Downloads/arm-gnu-toolchain-14.2.rel1-x86_64-arm-none-eabi/bin/../lib/gcc/arm-none-eabi/14.2.1/../../../../arm-none-eabi/lib/thumb/v7e-m+fp/hard/libc_nano.a(libc_a-sbrkr.o)
                0x08002dc0                _sbrk_r
 .text.memcpy   0x08002de0       0x1c /home/raj/Downloads/arm-gnu-toolchain-14.2.rel1-x86_64-arm-none-eabi/bin/../lib/gcc/arm-none-eabi/14.2.1/../../../../arm-none-eabi/lib/thumb/v7e-m+fp/hard/libc_nano.a(libc_a-memcpy-stub.o)
                0x08002de0                memcpy
 .text._realloc_r
                0x08002dfc       0x5c /home/raj/Downloads/arm-gnu-toolchain-14.2.rel1-x86_64-arm-none-eabi/bin/../lib/gcc/arm-none-eabi/14.2.1/../../../../arm-none-eabi/lib/thumb/v7e-m+fp/hard/libc_nano.a(libc_a-reallocr.o)
                0x08002dfc                _realloc_r
 .text._malloc_usable_size_r
                0x08002e58       0x10 /home/raj/Downloads/arm-gnu-toolchain-14.2.rel1-x86_64-arm-none-eabi/bin/../lib/gcc/arm-none-eabi/14.2.1/../../../../arm-none-eabi/lib/thumb/v7e-m+fp/hard/libc_nano.a(libc_a-msizer.o)
                0x08002e58                _malloc_usable_size_r
 *(.rodata)
 .rodata        0x08002e68       0x2c binaries/main.o
 .rodata        0x08002e94       0x6e binaries/neural_net.o
 *(.rodata*)
 .rodata._svfprintf_r.str1.1
                0x08002f02       0x33 /home/raj/Downloads/arm-gnu-toolchain-14.2.rel1-x86_64-arm-none-eabi/bin/../lib/gcc/arm-none-eabi/14.2.1/../../../../arm-none-eabi/lib/thumb/v7e-m+fp/hard/libc_nano.a(libc_a-nano-svfprintf.o)
                                 0x11 (size before relaxing)
 .rodata._vfprintf_r.str1.1
                0x08002f35       0x11 /home/raj/Downloads/arm-gnu-toolchain-14.2.rel1-x86_64-arm-none-eabi/bin/../lib/gcc/arm-none-eabi/14.2.1/../../../../arm-none-eabi/lib/thumb/v7e-m+fp/hard/libc_nano.a(libc_a-nano-vfprintf.o)
 .rodata._printf_i.str1.1
                0x08002f35       0x22 /home/raj/Downloads/arm-gnu-toolchain-14.2.rel1-x86_64-arm-none-eabi/bin/../lib/gcc/arm-none-eabi/14.2.1/../../../../arm-none-eabi/lib/thumb/v7e-m+fp/hard/libc_nano.a(libc_a-nano-vfprintf_i.o)
                0x08002f58                        . = ALIGN (0x4)
 *fill*         0x08002f35        0x3 
                0x08002f38                        _etext = .
                0x08002f48                        _sidata = LOADADDR (.data)

.glue_7         0x08002f38        0x0
 .glue_7        0x08002f38        0x0 linker stubs

.glue_7t        0x08002f38        0x0
 .glue_7t       0x08002f38        0x0 linker stubs

.vfp11_veneer   0x08002f38        0x0
 .vfp11_veneer  0x08002f38        0x0 linker stubs

.v4_bx          0x08002f38        0x0
 .v4_bx         0x08002f38        0x0 linker stubs

.init           0x08002f38        0x4
 .init          0x08002f38        0x4 /home/raj/Downloads/arm-gnu-toolchain-14.2.rel1-x86_64-arm-none-eabi/bin/../lib/gcc/arm-none-eabi/14.2.1/thumb/v7e-m+fp/hard/crti.o
                0x08002f38                _init

.fini           0x08002f3c        0x4
 .fini          0x08002f3c        0x4 /home/raj/Downloads/arm-gnu-toolchain-14.2.rel1-x86_64-arm-none-eabi/bin/../lib/gcc/arm-none-eabi/14.2.1/thumb/v7e-m+fp/hard/crti.o
                0x08002f3c                _fini

.iplt           0x08002f40        0x0
 .iplt          0x08002f40        0x0 binaries/main.o

.rel.dyn        0x08002f40        0x0
 .rel.iplt      0x08002f40        0x0 binaries/main.o

.ARM.exidx      0x08002f40        0x8
 .ARM.exidx     0x08002f40        0x8 /home/raj/Downloads/arm-gnu-toolchain-14.2.rel1-x86_64-arm-none-eabi/bin/../lib/gcc/arm-none-eabi/14.2.1/../../../../arm-none-eabi/lib/thumb/v7e-m+fp/hard/libc_nano.a(libc_a-memchr.o)

.data           0x20000000       0x90 load address 0x08002f48
                0x20000000                        . = ALIGN (0x4)
                0x20000000                        _sdata = .
 *(.data)
 .data          0x20000000       0x30 binaries/main.o
                0x20000000                xor_data
 .data          0x20000030        0x4 binaries/syscall.o
 *(.data*)
 .data.__sglue  0x20000034        0xc /home/raj/Downloads/arm-gnu-toolchain-14.2.rel1-x86_64-arm-none-eabi/bin/../lib/gcc/arm-none-eabi/14.2.1/../../../../arm-none-eabi/lib/thumb/v7e-m+fp/hard/libc_nano.a(libc_a-findfp.o)
                0x20000034                __sglue
 .data._impure_ptr
                0x20000040        0x4 /home/raj/Downloads/arm-gnu-toolchain-14.2.rel1-x86_64-arm-none-eabi/bin/../lib/gcc/arm-none-eabi/14.2.1/../../../../arm-none-eabi/lib/thumb/v7e-m+fp/hard/libc_nano.a(libc_a-impure.o)
                0x20000040                _impure_ptr
 .data._impure_data
                0x20000044       0x4c /home/raj/Downloads/arm-gnu-toolchain-14.2.rel1-x86_64-arm-none-eabi/bin/../lib/gcc/arm-none-eabi/14.2.1/../../../../arm-none-eabi/lib/thumb/v7e-m+fp/hard/libc_nano.a(libc_a-impure.o)
                0x20000044                _impure_data
                0x20000090                        . = ALIGN (0x4)
                0x20000090                        _edata = .

.igot.plt       0x20000090        0x0 load address 0x08002fd8
 .igot.plt      0x20000090        0x0 binaries/main.o

.bss            0x20000090      0x150 load address 0x08002fd8
                0x20000090                        . = ALIGN (0x4)
                0x20000090                        __bss_start__ = .
 *(.bss)
 .bss           0x20000090        0x1 binaries/neo_alloc.o
 *(.bss*)
 *fill*         0x20000091        0x3 
 .bss.__sf      0x20000094      0x138 /home/raj/Downloads/arm-gnu-toolchain-14.2.rel1-x86_64-arm-none-eabi/bin/../lib/gcc/arm-none-eabi/14.2.1/../../../../arm-none-eabi/lib/thumb/v7e-m+fp/hard/libc_nano.a(libc_a-findfp.o)
                0x20000094                __sf
 .bss.__stdio_exit_handler
                0x200001cc        0x4 /home/raj/Downloads/arm-gnu-toolchain-14.2.rel1-x86_64-arm-none-eabi/bin/../lib/gcc/arm-none-eabi/14.2.1/../../../../arm-none-eabi/lib/thumb/v7e-m+fp/hard/libc_nano.a(libc_a-findfp.o)
                0x200001cc                __stdio_exit_handler
 .bss.errno     0x200001d0        0x4 /home/raj/Downloads/arm-gnu-toolchain-14.2.rel1-x86_64-arm-none-eabi/bin/../lib/gcc/arm-none-eabi/14.2.1/../../../../arm-none-eabi/lib/thumb/v7e-m+fp/hard/libc_nano.a(libc_a-reent.o)
                0x200001d0                errno
 .bss.__lock___malloc_recursive_mutex
                0x200001d4        0x1 /home/raj/Downloads/arm-gnu-toolchain-14.2.rel1-x86_64-arm-none-eabi/bin/../lib/gcc/arm-none-eabi/14.2.1/../../../../arm-none-eabi/lib/thumb/v7e-m+fp/hard/libc_nano.a(libc_a-lock.o)
                0x200001d4                __lock___malloc_recursive_mutex
 .bss.__lock___sfp_recursive_mutex
                0x200001d5        0x1 /home/raj/Downloads/arm-gnu-toolchain-14.2.rel1-x86_64-arm-none-eabi/bin/../lib/gcc/arm-none-eabi/14.2.1/../../../../arm-none-eabi/lib/thumb/v7e-m+fp/hard/libc_nano.a(libc_a-lock.o)
                0x200001d5                __lock___sfp_recursive_mutex
 *fill*         0x200001d6        0x2 
 .bss.__malloc_sbrk_start
                0x200001d8        0x4 /home/raj/Downloads/arm-gnu-toolchain-14.2.rel1-x86_64-arm-none-eabi/bin/../lib/gcc/arm-none-eabi/14.2.1/../../../../arm-none-eabi/lib/thumb/v7e-m+fp/hard/libc_nano.a(libc_a-mallocr.o)
                0x200001d8                __malloc_sbrk_start
 .bss.__malloc_free_list
                0x200001dc        0x4 /home/raj/Downloads/arm-gnu-toolchain-14.2.rel1-x86_64-arm-none-eabi/bin/../lib/gcc/arm-none-eabi/14.2.1/../../../../arm-none-eabi/lib/thumb/v7e-m+fp/hard/libc_nano.a(libc_a-mallocr.o)
                0x200001dc                __malloc_free_list
 *(COMMON)
                0x200001e0                        . = ALIGN (0x4)
                0x200001e0                        __bss_end__ = .

.heap           0x200001e0     0x1f00 load address 0x08002fd8
                0x200001e0                        . = ALIGN (0x8)
                0x200001e0                        _heap_start = .
                0x200020e0                        . = (. + __max_heap_size)
 *fill*         0x200001e0     0x1f00 
                0x200020e0                        . = ALIGN (0x8)
                0x200020e0                        _heap_end = .
                0x200020e0                        _end = .

.stack          0x200020e0     0x1f00 load address 0x08002fd8
                0x200020e0                        . = ALIGN (0x8)
                0x200020e0                        _stack_start = .
                0x20003fe0                        . = (. + __max_stack_size)
 *fill*         0x200020e0     0x1f00 
                0x20003fe0                        . = ALIGN (0x8)
                0x20003fe0                        _stack_end = .

/DISCARD/
 *(.comment)
 *(.ARM.attributes)
 *(.note.GNU-stack)
                0x20018000                        _estack = (ORIGIN (SRAM) + LENGTH (SRAM))
OUTPUT(binaries/output.elf elf32-littlearm)
LOAD linker stubs

.debug_info     0x00000000     0x1c62
 .debug_info    0x00000000      0x13c binaries/expf.o
 .debug_info    0x0000013c      0x2f7 binaries/main.o
 .debug_info    0x00000433      0x388 binaries/neo_alloc.o
 .debug_info    0x000007bb      0xbba binaries/neural_net.o
 .debug_info    0x00001375      0x337 binaries/startup.o
 .debug_info    0x000016ac      0x5b6 binaries/syscall.o

.debug_abbrev   0x00000000      0x8b8
 .debug_abbrev  0x00000000       0xae binaries/expf.o
 .debug_abbrev  0x000000ae      0x154 binaries/main.o
 .debug_abbrev  0x00000202      0x1a3 binaries/neo_alloc.o
 .debug_abbrev  0x000003a5      0x28c binaries/neural_net.o
 .debug_abbrev  0x00000631      0x141 binaries/startup.o
 .debug_abbrev  0x00000772      0x146 binaries/syscall.o

.debug_aranges  0x00000000       0xc0
 .debug_aranges
                0x00000000       0x20 binaries/expf.o
 .debug_aranges
                0x00000020       0x20 binaries/main.o
 .debug_aranges
                0x00000040       0x20 binaries/neo_alloc.o
 .debug_aranges
                0x00000060       0x20 binaries/neural_net.o
 .debug_aranges
                0x00000080       0x20 binaries/startup.o
 .debug_aranges
                0x000000a0       0x20 binaries/syscall.o

.debug_macro    0x00000000     0xf964
 .debug_macro   0x00000000       0x73 binaries/expf.o
 .debug_macro   0x00000073      0xad2 binaries/expf.o
 .debug_macro   0x00000b45       0x22 binaries/expf.o
 .debug_macro   0x00000b67       0x56 binaries/expf.o
 .debug_macro   0x00000bbd       0x51 binaries/expf.o
 .debug_macro   0x00000c0e      0x103 binaries/expf.o
 .debug_macro   0x00000d11       0x6a binaries/expf.o
 .debug_macro   0x00000d7b      0x1df binaries/expf.o
 .debug_macro   0x00000f5a      0x186 binaries/main.o
 .debug_macro   0x000010e0       0x46 binaries/main.o
 .debug_macro   0x00001126       0x2a binaries/main.o
 .debug_macro   0x00001150       0x75 binaries/main.o
 .debug_macro   0x000011c5       0x5c binaries/main.o
 .debug_macro   0x00001221       0x3c binaries/main.o
 .debug_macro   0x0000125d       0x34 binaries/main.o
 .debug_macro   0x00001291       0x16 binaries/main.o
 .debug_macro   0x000012a7      0x11c binaries/main.o
 .debug_macro   0x000013c3       0x9b binaries/main.o
 .debug_macro   0x0000145e       0x57 binaries/main.o
 .debug_macro   0x000014b5      0x364 binaries/main.o
 .debug_macro   0x00001819       0x16 binaries/main.o
 .debug_macro   0x0000182f       0x4a binaries/main.o
 .debug_macro   0x00001879       0x34 binaries/main.o
 .debug_macro   0x000018ad       0x10 binaries/main.o
 .debug_macro   0x000018bd       0x58 binaries/main.o
 .debug_macro   0x00001915      0x1e5 binaries/main.o
 .debug_macro   0x00001afa       0x22 binaries/main.o
 .debug_macro   0x00001b1c       0x10 binaries/main.o
 .debug_macro   0x00001b2c      0x242 binaries/main.o
 .debug_macro   0x00001d6e       0x1c binaries/main.o
 .debug_macro   0x00001d8a       0x3c binaries/main.o
 .debug_macro   0x00001dc6       0x10 binaries/main.o
 .debug_macro   0x00001dd6       0x16 binaries/main.o
 .debug_macro   0x00001dec       0x16 binaries/main.o
 .debug_macro   0x00001e02      0x12a binaries/main.o
 .debug_macro   0x00001f2c       0x22 binaries/main.o
 .debug_macro   0x00001f4e       0x10 binaries/main.o
 .debug_macro   0x00001f5e       0x58 binaries/main.o
 .debug_macro   0x00001fb6      0x19a binaries/neo_alloc.o
 .debug_macro   0x00002150       0x7b binaries/neo_alloc.o
 .debug_macro   0x000021cb     0xb896 binaries/neo_alloc.o
 .debug_macro   0x0000da61       0x1c binaries/neo_alloc.o
 .debug_macro   0x0000da7d       0x22 binaries/neo_alloc.o
 .debug_macro   0x0000da9f       0xd9 binaries/neo_alloc.o
 .debug_macro   0x0000db78     0x102d binaries/neo_alloc.o
 .debug_macro   0x0000eba5      0x11f binaries/neo_alloc.o
 .debug_macro   0x0000ecc4      0x186 binaries/neural_net.o
 .debug_macro   0x0000ee4a       0xda binaries/startup.o
 .debug_macro   0x0000ef24      0x184 binaries/syscall.o
 .debug_macro   0x0000f0a8      0x190 binaries/syscall.o
 .debug_macro   0x0000f238       0x10 binaries/syscall.o
 .debug_macro   0x0000f248       0x10 binaries/syscall.o
 .debug_macro   0x0000f258       0x10 binaries/syscall.o
 .debug_macro   0x0000f268       0xb8 binaries/syscall.o
 .debug_macro   0x0000f320       0x2e binaries/syscall.o
 .debug_macro   0x0000f34e      0x102 binaries/syscall.o
 .debug_macro   0x0000f450       0x16 binaries/syscall.o
 .debug_macro   0x0000f466      0x4fe binaries/syscall.o

.debug_line     0x00000000     0x1c51
 .debug_line    0x00000000      0x2ad binaries/expf.o
 .debug_line    0x000002ad      0x3a9 binaries/main.o
 .debug_line    0x00000656      0x56b binaries/neo_alloc.o
 .debug_line    0x00000bc1      0x9bb binaries/neural_net.o
 .debug_line    0x0000157c      0x33e binaries/startup.o
 .debug_line    0x000018ba      0x397 binaries/syscall.o

.debug_str      0x00000000    0x5430a
 .debug_str     0x00000000    0x5430a binaries/expf.o
                               0x3cfe (size before relaxing)
 .debug_str     0x0005430a     0x7984 binaries/main.o
 .debug_str     0x0005430a    0x51dd7 binaries/neo_alloc.o
 .debug_str     0x0005430a     0x7aa1 binaries/neural_net.o
 .debug_str     0x0005430a    0x4ee65 binaries/startup.o
 .debug_str     0x0005430a     0x83ec binaries/syscall.o

.debug_frame    0x00000000     0x1200
 .debug_frame   0x00000000       0x5c binaries/expf.o
 .debug_frame   0x0000005c       0x30 binaries/main.o
 .debug_frame   0x0000008c       0xf4 binaries/neo_alloc.o
 .debug_frame   0x00000180      0x30c binaries/neural_net.o
 .debug_frame   0x0000048c       0x68 binaries/startup.o
 .debug_frame   0x000004f4      0x210 binaries/syscall.o
 .debug_frame   0x00000704       0xac /home/raj/Downloads/arm-gnu-toolchain-14.2.rel1-x86_64-arm-none-eabi/bin/../lib/gcc/arm-none-eabi/14.2.1/thumb/v7e-m+fp/hard/libgcc.a(_arm_addsubdf3.o)
 .debug_frame   0x000007b0       0x24 /home/raj/Downloads/arm-gnu-toolchain-14.2.rel1-x86_64-arm-none-eabi/bin/../lib/gcc/arm-none-eabi/14.2.1/thumb/v7e-m+fp/hard/libgcc.a(_arm_truncdfsf2.o)
 .debug_frame   0x000007d4      0x144 /home/raj/Downloads/arm-gnu-toolchain-14.2.rel1-x86_64-arm-none-eabi/bin/../lib/gcc/arm-none-eabi/14.2.1/../../../../arm-none-eabi/lib/thumb/v7e-m+fp/hard/libc_nano.a(libc_a-findfp.o)
 .debug_frame   0x00000918       0x34 /home/raj/Downloads/arm-gnu-toolchain-14.2.rel1-x86_64-arm-none-eabi/bin/../lib/gcc/arm-none-eabi/14.2.1/../../../../arm-none-eabi/lib/thumb/v7e-m+fp/hard/libc_nano.a(libc_a-fwalk.o)
 .debug_frame   0x0000094c       0x6c /home/raj/Downloads/arm-gnu-toolchain-14.2.rel1-x86_64-arm-none-eabi/bin/../lib/gcc/arm-none-eabi/14.2.1/../../../../arm-none-eabi/lib/thumb/v7e-m+fp/hard/libc_nano.a(libc_a-printf.o)
 .debug_frame   0x000009b8       0x30 /home/raj/Downloads/arm-gnu-toolchain-14.2.rel1-x86_64-arm-none-eabi/bin/../lib/gcc/arm-none-eabi/14.2.1/../../../../arm-none-eabi/lib/thumb/v7e-m+fp/hard/libc_nano.a(libc_a-putchar.o)
 .debug_frame   0x000009e8       0x3c /home/raj/Downloads/arm-gnu-toolchain-14.2.rel1-x86_64-arm-none-eabi/bin/../lib/gcc/arm-none-eabi/14.2.1/../../../../arm-none-eabi/lib/thumb/v7e-m+fp/hard/libc_nano.a(libc_a-puts.o)
 .debug_frame   0x00000a24       0x74 /home/raj/Downloads/arm-gnu-toolchain-14.2.rel1-x86_64-arm-none-eabi/bin/../lib/gcc/arm-none-eabi/14.2.1/../../../../arm-none-eabi/lib/thumb/v7e-m+fp/hard/libc_nano.a(libc_a-sprintf.o)
 .debug_frame   0x00000a98       0x88 /home/raj/Downloads/arm-gnu-toolchain-14.2.rel1-x86_64-arm-none-eabi/bin/../lib/gcc/arm-none-eabi/14.2.1/../../../../arm-none-eabi/lib/thumb/v7e-m+fp/hard/libc_nano.a(libc_a-stdio.o)
 .debug_frame   0x00000b20       0x40 /home/raj/Downloads/arm-gnu-toolchain-14.2.rel1-x86_64-arm-none-eabi/bin/../lib/gcc/arm-none-eabi/14.2.1/../../../../arm-none-eabi/lib/thumb/v7e-m+fp/hard/libc_nano.a(libc_a-wbuf.o)
 .debug_frame   0x00000b60       0x2c /home/raj/Downloads/arm-gnu-toolchain-14.2.rel1-x86_64-arm-none-eabi/bin/../lib/gcc/arm-none-eabi/14.2.1/../../../../arm-none-eabi/lib/thumb/v7e-m+fp/hard/libc_nano.a(libc_a-wsetup.o)
 .debug_frame   0x00000b8c       0x20 /home/raj/Downloads/arm-gnu-toolchain-14.2.rel1-x86_64-arm-none-eabi/bin/../lib/gcc/arm-none-eabi/14.2.1/../../../../arm-none-eabi/lib/thumb/v7e-m+fp/hard/libc_nano.a(libc_a-memset.o)
 .debug_frame   0x00000bac       0x2c /home/raj/Downloads/arm-gnu-toolchain-14.2.rel1-x86_64-arm-none-eabi/bin/../lib/gcc/arm-none-eabi/14.2.1/../../../../arm-none-eabi/lib/thumb/v7e-m+fp/hard/libc_nano.a(libc_a-closer.o)
 .debug_frame   0x00000bd8       0x38 /home/raj/Downloads/arm-gnu-toolchain-14.2.rel1-x86_64-arm-none-eabi/bin/../lib/gcc/arm-none-eabi/14.2.1/../../../../arm-none-eabi/lib/thumb/v7e-m+fp/hard/libc_nano.a(libc_a-reent.o)
 .debug_frame   0x00000c10       0x2c /home/raj/Downloads/arm-gnu-toolchain-14.2.rel1-x86_64-arm-none-eabi/bin/../lib/gcc/arm-none-eabi/14.2.1/../../../../arm-none-eabi/lib/thumb/v7e-m+fp/hard/libc_nano.a(libc_a-lseekr.o)
 .debug_frame   0x00000c3c       0x2c /home/raj/Downloads/arm-gnu-toolchain-14.2.rel1-x86_64-arm-none-eabi/bin/../lib/gcc/arm-none-eabi/14.2.1/../../../../arm-none-eabi/lib/thumb/v7e-m+fp/hard/libc_nano.a(libc_a-readr.o)
 .debug_frame   0x00000c68       0x2c /home/raj/Downloads/arm-gnu-toolchain-14.2.rel1-x86_64-arm-none-eabi/bin/../lib/gcc/arm-none-eabi/14.2.1/../../../../arm-none-eabi/lib/thumb/v7e-m+fp/hard/libc_nano.a(libc_a-writer.o)
 .debug_frame   0x00000c94       0xb0 /home/raj/Downloads/arm-gnu-toolchain-14.2.rel1-x86_64-arm-none-eabi/bin/../lib/gcc/arm-none-eabi/14.2.1/../../../../arm-none-eabi/lib/thumb/v7e-m+fp/hard/libc_nano.a(libc_a-lock.o)
 .debug_frame   0x00000d44       0x38 /home/raj/Downloads/arm-gnu-toolchain-14.2.rel1-x86_64-arm-none-eabi/bin/../lib/gcc/arm-none-eabi/14.2.1/../../../../arm-none-eabi/lib/thumb/v7e-m+fp/hard/libc_nano.a(libc_a-freer.o)
 .debug_frame   0x00000d7c       0x50 /home/raj/Downloads/arm-gnu-toolchain-14.2.rel1-x86_64-arm-none-eabi/bin/../lib/gcc/arm-none-eabi/14.2.1/../../../../arm-none-eabi/lib/thumb/v7e-m+fp/hard/libc_nano.a(libc_a-mallocr.o)
 .debug_frame   0x00000dcc       0x30 /home/raj/Downloads/arm-gnu-toolchain-14.2.rel1-x86_64-arm-none-eabi/bin/../lib/gcc/arm-none-eabi/14.2.1/../../../../arm-none-eabi/lib/thumb/v7e-m+fp/hard/libc_nano.a(libc_a-mlock.o)
 .debug_frame   0x00000dfc       0x90 /home/raj/Downloads/arm-gnu-toolchain-14.2.rel1-x86_64-arm-none-eabi/bin/../lib/gcc/arm-none-eabi/14.2.1/../../../../arm-none-eabi/lib/thumb/v7e-m+fp/hard/libc_nano.a(libc_a-nano-svfprintf.o)
 .debug_frame   0x00000e8c       0xa8 /home/raj/Downloads/arm-gnu-toolchain-14.2.rel1-x86_64-arm-none-eabi/bin/../lib/gcc/arm-none-eabi/14.2.1/../../../../arm-none-eabi/lib/thumb/v7e-m+fp/hard/libc_nano.a(libc_a-nano-vfprintf.o)
 .debug_frame   0x00000f34       0x60 /home/raj/Downloads/arm-gnu-toolchain-14.2.rel1-x86_64-arm-none-eabi/bin/../lib/gcc/arm-none-eabi/14.2.1/../../../../arm-none-eabi/lib/thumb/v7e-m+fp/hard/libc_nano.a(libc_a-nano-vfprintf_i.o)
 .debug_frame   0x00000f94       0x5c /home/raj/Downloads/arm-gnu-toolchain-14.2.rel1-x86_64-arm-none-eabi/bin/../lib/gcc/arm-none-eabi/14.2.1/../../../../arm-none-eabi/lib/thumb/v7e-m+fp/hard/libc_nano.a(libc_a-fflush.o)
 .debug_frame   0x00000ff0       0x58 /home/raj/Downloads/arm-gnu-toolchain-14.2.rel1-x86_64-arm-none-eabi/bin/../lib/gcc/arm-none-eabi/14.2.1/../../../../arm-none-eabi/lib/thumb/v7e-m+fp/hard/libc_nano.a(libc_a-makebuf.o)
 .debug_frame   0x00001048       0x3c /home/raj/Downloads/arm-gnu-toolchain-14.2.rel1-x86_64-arm-none-eabi/bin/../lib/gcc/arm-none-eabi/14.2.1/../../../../arm-none-eabi/lib/thumb/v7e-m+fp/hard/libc_nano.a(libc_a-putc.o)
 .debug_frame   0x00001084       0x28 /home/raj/Downloads/arm-gnu-toolchain-14.2.rel1-x86_64-arm-none-eabi/bin/../lib/gcc/arm-none-eabi/14.2.1/../../../../arm-none-eabi/lib/thumb/v7e-m+fp/hard/libc_nano.a(libc_a-memmove.o)
 .debug_frame   0x000010ac       0x2c /home/raj/Downloads/arm-gnu-toolchain-14.2.rel1-x86_64-arm-none-eabi/bin/../lib/gcc/arm-none-eabi/14.2.1/../../../../arm-none-eabi/lib/thumb/v7e-m+fp/hard/libc_nano.a(libc_a-fstatr.o)
 .debug_frame   0x000010d8       0x2c /home/raj/Downloads/arm-gnu-toolchain-14.2.rel1-x86_64-arm-none-eabi/bin/../lib/gcc/arm-none-eabi/14.2.1/../../../../arm-none-eabi/lib/thumb/v7e-m+fp/hard/libc_nano.a(libc_a-isattyr.o)
 .debug_frame   0x00001104       0x2c /home/raj/Downloads/arm-gnu-toolchain-14.2.rel1-x86_64-arm-none-eabi/bin/../lib/gcc/arm-none-eabi/14.2.1/../../../../arm-none-eabi/lib/thumb/v7e-m+fp/hard/libc_nano.a(libc_a-sbrkr.o)
 .debug_frame   0x00001130       0x4c /home/raj/Downloads/arm-gnu-toolchain-14.2.rel1-x86_64-arm-none-eabi/bin/../lib/gcc/arm-none-eabi/14.2.1/../../../../arm-none-eabi/lib/thumb/v7e-m+fp/hard/libc_nano.a(libc_a-memchr.o)
 .debug_frame   0x0000117c       0x28 /home/raj/Downloads/arm-gnu-toolchain-14.2.rel1-x86_64-arm-none-eabi/bin/../lib/gcc/arm-none-eabi/14.2.1/../../../../arm-none-eabi/lib/thumb/v7e-m+fp/hard/libc_nano.a(libc_a-memcpy-stub.o)
 .debug_frame   0x000011a4       0x3c /home/raj/Downloads/arm-gnu-toolchain-14.2.rel1-x86_64-arm-none-eabi/bin/../lib/gcc/arm-none-eabi/14.2.1/../../../../arm-none-eabi/lib/thumb/v7e-m+fp/hard/libc_nano.a(libc_a-reallocr.o)
 .debug_frame   0x000011e0       0x20 /home/raj/Downloads/arm-gnu-toolchain-14.2.rel1-x86_64-arm-none-eabi/bin/../lib/gcc/arm-none-eabi/14.2.1/../../../../arm-none-eabi/lib/thumb/v7e-m+fp/hard/libc_nano.a(libc_a-msizer.o)

.debug_rnglists
                0x00000000       0x21
 .debug_rnglists
                0x00000000       0x21 binaries/neo_alloc.o

.debug_line_str
                0x00000000      0x1a1
 .debug_line_str
                0x00000000      0x1a1 /home/raj/Downloads/arm-gnu-toolchain-14.2.rel1-x86_64-arm-none-eabi/bin/../lib/gcc/arm-none-eabi/14.2.1/thumb/v7e-m+fp/hard/libgcc.a(_arm_addsubdf3.o)
                                 0xc7 (size before relaxing)
 .debug_line_str
                0x000001a1       0xc7 /home/raj/Downloads/arm-gnu-toolchain-14.2.rel1-x86_64-arm-none-eabi/bin/../lib/gcc/arm-none-eabi/14.2.1/thumb/v7e-m+fp/hard/libgcc.a(_arm_truncdfsf2.o)
 .debug_line_str
                0x000001a1       0xda /home/raj/Downloads/arm-gnu-toolchain-14.2.rel1-x86_64-arm-none-eabi/bin/../lib/gcc/arm-none-eabi/14.2.1/../../../../arm-none-eabi/lib/thumb/v7e-m+fp/hard/libc_nano.a(libc_a-memchr.o)
