
Discarded input sections

 .group         0x00000000        0xc binaries/expf.o
 .group         0x00000000        0xc binaries/expf.o
 .group         0x00000000        0xc binaries/expf.o
 .group         0x00000000        0xc binaries/expf.o
 .group         0x00000000        0xc binaries/expf.o
 .group         0x00000000        0xc binaries/expf.o
 .group         0x00000000        0xc binaries/expf.o
 .data          0x00000000        0x0 binaries/expf.o
 .bss           0x00000000        0x0 binaries/expf.o
 .comment       0x00000000       0x46 binaries/expf.o
 .ARM.attributes
                0x00000000       0x34 binaries/expf.o
 .group         0x00000000        0xc binaries/main.o
 .group         0x00000000        0xc binaries/main.o
 .group         0x00000000        0xc binaries/main.o
 .group         0x00000000        0xc binaries/main.o
 .group         0x00000000        0xc binaries/main.o
 .group         0x00000000        0xc binaries/main.o
 .group         0x00000000        0xc binaries/main.o
 .group         0x00000000        0xc binaries/main.o
 .group         0x00000000        0xc binaries/main.o
 .group         0x00000000        0xc binaries/main.o
 .group         0x00000000        0xc binaries/main.o
 .group         0x00000000        0xc binaries/main.o
 .group         0x00000000        0xc binaries/main.o
 .group         0x00000000        0xc binaries/main.o
 .group         0x00000000        0xc binaries/main.o
 .group         0x00000000        0xc binaries/main.o
 .group         0x00000000        0xc binaries/main.o
 .group         0x00000000        0xc binaries/main.o
 .group         0x00000000        0xc binaries/main.o
 .group         0x00000000        0xc binaries/main.o
 .group         0x00000000        0xc binaries/main.o
 .group         0x00000000        0xc binaries/main.o
 .group         0x00000000        0xc binaries/main.o
 .group         0x00000000        0xc binaries/main.o
 .group         0x00000000        0xc binaries/main.o
 .group         0x00000000        0xc binaries/main.o
 .group         0x00000000        0xc binaries/main.o
 .group         0x00000000        0xc binaries/main.o
 .group         0x00000000        0xc binaries/main.o
 .group         0x00000000        0xc binaries/main.o
 .group         0x00000000        0xc binaries/main.o
 .group         0x00000000        0xc binaries/main.o
 .group         0x00000000        0xc binaries/main.o
 .group         0x00000000        0xc binaries/main.o
 .bss           0x00000000        0x0 binaries/main.o
 .debug_macro   0x00000000      0xad2 binaries/main.o
 .debug_macro   0x00000000       0x22 binaries/main.o
 .debug_macro   0x00000000      0x103 binaries/main.o
 .debug_macro   0x00000000       0x6a binaries/main.o
 .debug_macro   0x00000000      0x1df binaries/main.o
 .comment       0x00000000       0x46 binaries/main.o
 .ARM.attributes
                0x00000000       0x34 binaries/main.o
 .group         0x00000000        0xc binaries/neo_alloc.o
 .group         0x00000000        0xc binaries/neo_alloc.o
 .group         0x00000000        0xc binaries/neo_alloc.o
 .group         0x00000000        0xc binaries/neo_alloc.o
 .group         0x00000000        0xc binaries/neo_alloc.o
 .group         0x00000000        0xc binaries/neo_alloc.o
 .group         0x00000000        0xc binaries/neo_alloc.o
 .group         0x00000000        0xc binaries/neo_alloc.o
 .group         0x00000000        0xc binaries/neo_alloc.o
 .group         0x00000000        0xc binaries/neo_alloc.o
 .group         0x00000000        0xc binaries/neo_alloc.o
 .group         0x00000000        0xc binaries/neo_alloc.o
 .group         0x00000000        0xc binaries/neo_alloc.o
 .group         0x00000000        0xc binaries/neo_alloc.o
 .group         0x00000000        0xc binaries/neo_alloc.o
 .group         0x00000000        0xc binaries/neo_alloc.o
 .group         0x00000000        0xc binaries/neo_alloc.o
 .group         0x00000000        0xc binaries/neo_alloc.o
 .group         0x00000000        0xc binaries/neo_alloc.o
 .group         0x00000000        0xc binaries/neo_alloc.o
 .group         0x00000000        0xc binaries/neo_alloc.o
 .group         0x00000000        0xc binaries/neo_alloc.o
 .group         0x00000000        0xc binaries/neo_alloc.o
 .group         0x00000000        0xc binaries/neo_alloc.o
 .group         0x00000000        0xc binaries/neo_alloc.o
 .group         0x00000000        0xc binaries/neo_alloc.o
 .group         0x00000000        0xc binaries/neo_alloc.o
 .group         0x00000000        0xc binaries/neo_alloc.o
 .group         0x00000000        0xc binaries/neo_alloc.o
 .debug_macro   0x00000000      0xad2 binaries/neo_alloc.o
 .debug_macro   0x00000000       0x22 binaries/neo_alloc.o
 .debug_macro   0x00000000       0x56 binaries/neo_alloc.o
 .debug_macro   0x00000000       0x51 binaries/neo_alloc.o
 .debug_macro   0x00000000      0x103 binaries/neo_alloc.o
 .debug_macro   0x00000000       0x6a binaries/neo_alloc.o
 .debug_macro   0x00000000      0x1df binaries/neo_alloc.o
 .debug_macro   0x00000000       0x22 binaries/neo_alloc.o
 .debug_macro   0x00000000       0x2a binaries/neo_alloc.o
 .debug_macro   0x00000000       0x3c binaries/neo_alloc.o
 .debug_macro   0x00000000       0x34 binaries/neo_alloc.o
 .debug_macro   0x00000000       0x16 binaries/neo_alloc.o
 .debug_macro   0x00000000      0x11c binaries/neo_alloc.o
 .debug_macro   0x00000000       0x9b binaries/neo_alloc.o
 .debug_macro   0x00000000      0x364 binaries/neo_alloc.o
 .debug_macro   0x00000000       0x16 binaries/neo_alloc.o
 .debug_macro   0x00000000       0x4a binaries/neo_alloc.o
 .debug_macro   0x00000000       0x34 binaries/neo_alloc.o
 .debug_macro   0x00000000       0x10 binaries/neo_alloc.o
 .debug_macro   0x00000000       0x58 binaries/neo_alloc.o
 .debug_macro   0x00000000      0x1e5 binaries/neo_alloc.o
 .debug_macro   0x00000000       0x22 binaries/neo_alloc.o
 .comment       0x00000000       0x46 binaries/neo_alloc.o
 .ARM.attributes
                0x00000000       0x34 binaries/neo_alloc.o
 .group         0x00000000        0xc binaries/neural_net.o
 .group         0x00000000        0xc binaries/neural_net.o
 .group         0x00000000        0xc binaries/neural_net.o
 .group         0x00000000        0xc binaries/neural_net.o
 .group         0x00000000        0xc binaries/neural_net.o
 .group         0x00000000        0xc binaries/neural_net.o
 .group         0x00000000        0xc binaries/neural_net.o
 .group         0x00000000        0xc binaries/neural_net.o
 .group         0x00000000        0xc binaries/neural_net.o
 .group         0x00000000        0xc binaries/neural_net.o
 .group         0x00000000        0xc binaries/neural_net.o
 .group         0x00000000        0xc binaries/neural_net.o
 .group         0x00000000        0xc binaries/neural_net.o
 .group         0x00000000        0xc binaries/neural_net.o
 .group         0x00000000        0xc binaries/neural_net.o
 .group         0x00000000        0xc binaries/neural_net.o
 .group         0x00000000        0xc binaries/neural_net.o
 .group         0x00000000        0xc binaries/neural_net.o
 .group         0x00000000        0xc binaries/neural_net.o
 .group         0x00000000        0xc binaries/neural_net.o
 .group         0x00000000        0xc binaries/neural_net.o
 .group         0x00000000        0xc binaries/neural_net.o
 .group         0x00000000        0xc binaries/neural_net.o
 .group         0x00000000        0xc binaries/neural_net.o
 .group         0x00000000        0xc binaries/neural_net.o
 .group         0x00000000        0xc binaries/neural_net.o
 .group         0x00000000        0xc binaries/neural_net.o
 .group         0x00000000        0xc binaries/neural_net.o
 .group         0x00000000        0xc binaries/neural_net.o
 .group         0x00000000        0xc binaries/neural_net.o
 .group         0x00000000        0xc binaries/neural_net.o
 .group         0x00000000        0xc binaries/neural_net.o
 .group         0x00000000        0xc binaries/neural_net.o
 .group         0x00000000        0xc binaries/neural_net.o
 .data          0x00000000        0x0 binaries/neural_net.o
 .bss           0x00000000        0x0 binaries/neural_net.o
 .debug_macro   0x00000000      0xad2 binaries/neural_net.o
 .debug_macro   0x00000000       0x46 binaries/neural_net.o
 .debug_macro   0x00000000       0x2a binaries/neural_net.o
 .debug_macro   0x00000000       0x22 binaries/neural_net.o
 .debug_macro   0x00000000       0x75 binaries/neural_net.o
 .debug_macro   0x00000000       0x5c binaries/neural_net.o
 .debug_macro   0x00000000       0x3c binaries/neural_net.o
 .debug_macro   0x00000000       0x34 binaries/neural_net.o
 .debug_macro   0x00000000       0x16 binaries/neural_net.o
 .debug_macro   0x00000000      0x11c binaries/neural_net.o
 .debug_macro   0x00000000       0x9b binaries/neural_net.o
 .debug_macro   0x00000000       0x57 binaries/neural_net.o
 .debug_macro   0x00000000      0x364 binaries/neural_net.o
 .debug_macro   0x00000000       0x16 binaries/neural_net.o
 .debug_macro   0x00000000       0x4a binaries/neural_net.o
 .debug_macro   0x00000000       0x34 binaries/neural_net.o
 .debug_macro   0x00000000       0x10 binaries/neural_net.o
 .debug_macro   0x00000000       0x58 binaries/neural_net.o
 .debug_macro   0x00000000      0x1e5 binaries/neural_net.o
 .debug_macro   0x00000000       0x22 binaries/neural_net.o
 .debug_macro   0x00000000       0x10 binaries/neural_net.o
 .debug_macro   0x00000000      0x242 binaries/neural_net.o
 .debug_macro   0x00000000       0x1c binaries/neural_net.o
 .debug_macro   0x00000000       0x3c binaries/neural_net.o
 .debug_macro   0x00000000       0x10 binaries/neural_net.o
 .debug_macro   0x00000000       0x16 binaries/neural_net.o
 .debug_macro   0x00000000       0x16 binaries/neural_net.o
 .debug_macro   0x00000000      0x12a binaries/neural_net.o
 .debug_macro   0x00000000      0x103 binaries/neural_net.o
 .debug_macro   0x00000000       0x6a binaries/neural_net.o
 .debug_macro   0x00000000      0x1df binaries/neural_net.o
 .debug_macro   0x00000000       0x22 binaries/neural_net.o
 .debug_macro   0x00000000       0x10 binaries/neural_net.o
 .debug_macro   0x00000000       0x58 binaries/neural_net.o
 .comment       0x00000000       0x46 binaries/neural_net.o
 .ARM.attributes
                0x00000000       0x34 binaries/neural_net.o
 .group         0x00000000        0xc binaries/startup.o
 .group         0x00000000        0xc binaries/startup.o
 .group         0x00000000        0xc binaries/startup.o
 .group         0x00000000        0xc binaries/startup.o
 .group         0x00000000        0xc binaries/startup.o
 .group         0x00000000        0xc binaries/startup.o
 .group         0x00000000        0xc binaries/startup.o
 .group         0x00000000        0xc binaries/startup.o
 .group         0x00000000        0xc binaries/startup.o
 .group         0x00000000        0xc binaries/startup.o
 .group         0x00000000        0xc binaries/startup.o
 .group         0x00000000        0xc binaries/startup.o
 .group         0x00000000        0xc binaries/startup.o
 .data          0x00000000        0x0 binaries/startup.o
 .bss           0x00000000        0x0 binaries/startup.o
 .debug_macro   0x00000000      0xad2 binaries/startup.o
 .debug_macro   0x00000000       0x22 binaries/startup.o
 .debug_macro   0x00000000       0x56 binaries/startup.o
 .debug_macro   0x00000000       0x51 binaries/startup.o
 .debug_macro   0x00000000      0x103 binaries/startup.o
 .debug_macro   0x00000000       0x6a binaries/startup.o
 .debug_macro   0x00000000      0x1df binaries/startup.o
 .debug_macro   0x00000000     0xb896 binaries/startup.o
 .debug_macro   0x00000000       0x1c binaries/startup.o
 .debug_macro   0x00000000       0x22 binaries/startup.o
 .debug_macro   0x00000000       0xd9 binaries/startup.o
 .debug_macro   0x00000000     0x102d binaries/startup.o
 .debug_macro   0x00000000      0x11f binaries/startup.o
 .comment       0x00000000       0x46 binaries/startup.o
 .ARM.attributes
                0x00000000       0x34 binaries/startup.o

Memory Configuration

Name             Origin             Length             Attributes
FLASH            0x08000000         0x00080000         xr
SRAM             0x20000000         0x00018000         xrw
*default*        0x00000000         0xffffffff

Linker script and memory map

LOAD binaries/expf.o
LOAD binaries/main.o
LOAD binaries/neo_alloc.o
LOAD binaries/neural_net.o
LOAD binaries/startup.o
                0x00010000                        __max_heap_size = 0x10000
                0x00004000                        __max_stack_size = 0x4000

.isr_vector     0x08000000      0x150
                0x08000000                        . = ALIGN (0x4)
 *(.isr_vector)
 .isr_vector    0x08000000      0x150 binaries/startup.o
                0x08000000                vectors
                0x08000150                        . = ALIGN (0x4)

.text           0x08000150     0x1940
                0x08000150                        . = ALIGN (0x4)
 *(.text)
 .text          0x08000150      0x148 binaries/expf.o
                0x080001c8                expf
 .text          0x08000298      0x118 binaries/main.o
                0x08000298                main
 .text          0x080003b0      0x500 binaries/neo_alloc.o
                0x08000584                neo_heap_init
                0x080005dc                neo_alloc
                0x080006e8                neo_free
                0x080007a0                neo_heap_info
 .text          0x080008b0     0x1078 binaries/neural_net.o
                0x080008b0                mat_alloc
                0x08000918                mat_print
                0x080009c0                mat_rand
                0x08000aa0                mat_dealloc
                0x08000ac4                mat_sum
                0x08000b62                mat_fill
                0x08000bca                mat_dot
                0x08000cd2                mat_sig
                0x08000e4e                nn_print
                0x08000ee4                nn_alloc
                0x08001090                randomize_parameters_NN
                0x0800111c                forward_NN
                0x080011a8                diff
                0x080012d6                cost_NN
                0x08001428                delta
                0x0800167e                gradient_descent
                0x080017f6                learn
                0x08001844                nn_dealloc
 .text          0x08001928       0xd8 binaries/startup.o
                0x08001928                enable_fpu
                0x0800194c                reset_handler
                0x080019d0                system_reset
                0x080019f8                EXTI15_10_handler
                0x080019f8                DMA1_Stream7_handler
                0x080019f8                USART1_handler
                0x080019f8                TIM1_UP_TIM10_handler
                0x080019f8                EXTI0_handler
                0x080019f8                DMA1_Stream1_handler
                0x080019f8                SDIO_handler
                0x080019f8                NMI_handler
                0x080019f8                DMA2_Stream3_handler
                0x080019f8                TIM2_handler
                0x080019f8                USART2_handler
                0x080019f8                PVD_EXTI16_handler
                0x080019f8                SPI3_handler
                0x080019f8                TIM3_handler
                0x080019f8                WWDG_handler
                0x080019f8                default_handler
                0x080019f8                SPI2_handler
                0x080019f8                SVCall_handler
                0x080019f8                DMA2_Stream6_handler
                0x080019f8                DebugMonitor_handler
                0x080019f8                I2C3_ER_handler
                0x080019f8                SysTick_handler
                0x080019f8                DMA1_Stream3_handler
                0x080019f8                MemManage_handler
                0x080019f8                EXTI9_5_handler
                0x080019f8                SPI4_handler
                0x080019f8                HardFault_handler
                0x080019f8                DMA1_Stream5_handler
                0x080019f8                FPU_handler
                0x080019f8                DMA2_Stream5_handler
                0x080019f8                RCC_handler
                0x080019f8                EXTI2_handler
                0x080019f8                DMA2_Stream1_handler
                0x080019f8                I2C1_ER_handler
                0x080019f8                I2C2_EV_handler
                0x080019f8                RTC_WKUP_EXTI22_handler
                0x080019f8                EXTI3_handler
                0x080019f8                DMA2_Stream0_handler
                0x080019f8                FLASH_handler
                0x080019f8                TAMP_STAMP_EXTI21_handler
                0x080019f8                OTG_FS_handler
                0x080019f8                DMA1_Stream4_handler
                0x080019f8                I2C2_ER_handler
                0x080019f8                TIM1_BRK_TIM9_handler
                0x080019f8                USART6_handler
                0x080019f8                TIM4_handler
                0x080019f8                DMA1_Stream2_handler
                0x080019f8                EXTI4_handler
                0x080019f8                DMA1_Stream6_handler
                0x080019f8                ADC_handler
                0x080019f8                I2C1_EV_handler
                0x080019f8                SPI1_handler
                0x080019f8                OTG_FS_WKUP_EXTI18_handler
                0x080019f8                DMA2_Stream4_handler
                0x080019f8                PendSV_handler
                0x080019f8                DMA2_Stream7_handler
                0x080019f8                UsageFault_handler
                0x080019f8                DMA1_Stream0_handler
                0x080019f8                DMA2_Stream2_handler
                0x080019f8                EXTI1_handler
                0x080019f8                TIM1_TRG_COM_TIM11_handler
                0x080019f8                TIM5_handler
                0x080019f8                RTC_Alarm_EXTI17_handler
                0x080019f8                I2C3_EV_handler
                0x080019f8                BusFault_handler
                0x080019f8                TIM1_CC_handler
 *(.text*)
 *(.rodata)
 .rodata        0x08001a00       0x20 binaries/main.o
 .rodata        0x08001a20       0x6e binaries/neural_net.o
 *(.rodata*)
                0x08001a90                        . = ALIGN (0x4)
 *fill*         0x08001a8e        0x2 
                0x08001a90                        _etext = .
                0x08001a90                        _sidata = LOADADDR (.data)

.glue_7         0x08001a90        0x0
 .glue_7        0x08001a90        0x0 linker stubs

.glue_7t        0x08001a90        0x0
 .glue_7t       0x08001a90        0x0 linker stubs

.vfp11_veneer   0x08001a90        0x0
 .vfp11_veneer  0x08001a90        0x0 linker stubs

.v4_bx          0x08001a90        0x0
 .v4_bx         0x08001a90        0x0 linker stubs

.iplt           0x08001a90        0x0
 .iplt          0x08001a90        0x0 binaries/main.o

.rel.dyn        0x08001a90        0x0
 .rel.iplt      0x08001a90        0x0 binaries/main.o

.data           0x20000000       0x44 load address 0x08001a90
                0x20000000                        . = ALIGN (0x4)
                0x20000000                        _sdata = .
 *(.data)
 .data          0x20000000       0x3c binaries/main.o
                0x20000000                arch
                0x2000000c                xor_data
 .data          0x2000003c        0x8 binaries/neo_alloc.o
 *(.data*)
                0x20000044                        . = ALIGN (0x4)
                0x20000044                        _edata = .

.igot.plt       0x20000044        0x0 load address 0x08001ad4
 .igot.plt      0x20000044        0x0 binaries/main.o

.bss            0x20000044        0x8 load address 0x08001ad4
                0x20000044                        . = ALIGN (0x4)
                0x20000044                        __bss_start__ = .
 *(.bss)
 .bss           0x20000044        0x8 binaries/neo_alloc.o
 *(.bss*)
 *(COMMON)
                0x2000004c                        . = ALIGN (0x4)
                0x2000004c                        __bss_end__ = .

.heap           0x2000004c    0x10004 load address 0x08001ad4
                0x20000050                        . = ALIGN (0x8)
 *fill*         0x2000004c        0x4 
                0x20000050                        _heap_start = .
                0x20010050                        . = (. + __max_heap_size)
 *fill*         0x20000050    0x10000 
                0x20010050                        . = ALIGN (0x8)
                0x20010050                        _heap_end = .
                0x20010050                        _end = .

.stack          0x20010050     0x4000 load address 0x08001ad4
                0x20010050                        . = ALIGN (0x8)
                0x20010050                        _stack_start = .
                0x20014050                        . = (. + __max_stack_size)
 *fill*         0x20010050     0x4000 
                0x20014050                        . = ALIGN (0x8)
                0x20014050                        _stack_end = .

/DISCARD/
 *(.comment)
 *(.ARM.attributes)
 *(.note.GNU-stack)
                0x20018000                        _estack = (ORIGIN (SRAM) + LENGTH (SRAM))
OUTPUT(binaries/output.elf elf32-littlearm)
LOAD linker stubs

.debug_info     0x00000000     0x18f2
 .debug_info    0x00000000      0x13c binaries/expf.o
 .debug_info    0x0000013c      0x2f9 binaries/main.o
 .debug_info    0x00000435      0x4ae binaries/neo_alloc.o
 .debug_info    0x000008e3      0xc99 binaries/neural_net.o
 .debug_info    0x0000157c      0x376 binaries/startup.o

.debug_abbrev   0x00000000      0x84e
 .debug_abbrev  0x00000000       0xae binaries/expf.o
 .debug_abbrev  0x000000ae      0x14c binaries/main.o
 .debug_abbrev  0x000001fa      0x22c binaries/neo_alloc.o
 .debug_abbrev  0x00000426      0x2a6 binaries/neural_net.o
 .debug_abbrev  0x000006cc      0x182 binaries/startup.o

.debug_aranges  0x00000000       0xa0
 .debug_aranges
                0x00000000       0x20 binaries/expf.o
 .debug_aranges
                0x00000020       0x20 binaries/main.o
 .debug_aranges
                0x00000040       0x20 binaries/neo_alloc.o
 .debug_aranges
                0x00000060       0x20 binaries/neural_net.o
 .debug_aranges
                0x00000080       0x20 binaries/startup.o

.debug_macro    0x00000000     0xef24
 .debug_macro   0x00000000       0x73 binaries/expf.o
 .debug_macro   0x00000073      0xad2 binaries/expf.o
 .debug_macro   0x00000b45       0x22 binaries/expf.o
 .debug_macro   0x00000b67       0x56 binaries/expf.o
 .debug_macro   0x00000bbd       0x51 binaries/expf.o
 .debug_macro   0x00000c0e      0x103 binaries/expf.o
 .debug_macro   0x00000d11       0x6a binaries/expf.o
 .debug_macro   0x00000d7b      0x1df binaries/expf.o
 .debug_macro   0x00000f5a      0x186 binaries/main.o
 .debug_macro   0x000010e0       0x46 binaries/main.o
 .debug_macro   0x00001126       0x2a binaries/main.o
 .debug_macro   0x00001150       0x75 binaries/main.o
 .debug_macro   0x000011c5       0x5c binaries/main.o
 .debug_macro   0x00001221       0x3c binaries/main.o
 .debug_macro   0x0000125d       0x34 binaries/main.o
 .debug_macro   0x00001291       0x16 binaries/main.o
 .debug_macro   0x000012a7      0x11c binaries/main.o
 .debug_macro   0x000013c3       0x9b binaries/main.o
 .debug_macro   0x0000145e       0x57 binaries/main.o
 .debug_macro   0x000014b5      0x364 binaries/main.o
 .debug_macro   0x00001819       0x16 binaries/main.o
 .debug_macro   0x0000182f       0x4a binaries/main.o
 .debug_macro   0x00001879       0x34 binaries/main.o
 .debug_macro   0x000018ad       0x10 binaries/main.o
 .debug_macro   0x000018bd       0x58 binaries/main.o
 .debug_macro   0x00001915      0x1e5 binaries/main.o
 .debug_macro   0x00001afa       0x22 binaries/main.o
 .debug_macro   0x00001b1c       0x10 binaries/main.o
 .debug_macro   0x00001b2c      0x242 binaries/main.o
 .debug_macro   0x00001d6e       0x1c binaries/main.o
 .debug_macro   0x00001d8a       0x3c binaries/main.o
 .debug_macro   0x00001dc6       0x10 binaries/main.o
 .debug_macro   0x00001dd6       0x16 binaries/main.o
 .debug_macro   0x00001dec       0x16 binaries/main.o
 .debug_macro   0x00001e02      0x12a binaries/main.o
 .debug_macro   0x00001f2c       0x22 binaries/main.o
 .debug_macro   0x00001f4e       0x10 binaries/main.o
 .debug_macro   0x00001f5e       0x58 binaries/main.o
 .debug_macro   0x00001fb6      0x19a binaries/neo_alloc.o
 .debug_macro   0x00002150       0x7b binaries/neo_alloc.o
 .debug_macro   0x000021cb     0xb896 binaries/neo_alloc.o
 .debug_macro   0x0000da61       0x1c binaries/neo_alloc.o
 .debug_macro   0x0000da7d       0x22 binaries/neo_alloc.o
 .debug_macro   0x0000da9f       0xd9 binaries/neo_alloc.o
 .debug_macro   0x0000db78     0x102d binaries/neo_alloc.o
 .debug_macro   0x0000eba5      0x11f binaries/neo_alloc.o
 .debug_macro   0x0000ecc4      0x186 binaries/neural_net.o
 .debug_macro   0x0000ee4a       0xda binaries/startup.o

.debug_line     0x00000000     0x1b60
 .debug_line    0x00000000      0x2ad binaries/expf.o
 .debug_line    0x000002ad      0x3a6 binaries/main.o
 .debug_line    0x00000653      0x669 binaries/neo_alloc.o
 .debug_line    0x00000cbc      0xb21 binaries/neural_net.o
 .debug_line    0x000017dd      0x383 binaries/startup.o

.debug_str      0x00000000    0x52c63
 .debug_str     0x00000000    0x52c63 binaries/expf.o
                               0x3cfe (size before relaxing)
 .debug_str     0x00052c63     0x7984 binaries/main.o
 .debug_str     0x00052c63    0x51ea9 binaries/neo_alloc.o
 .debug_str     0x00052c63     0x7abf binaries/neural_net.o
 .debug_str     0x00052c63    0x4ee81 binaries/startup.o

.debug_frame    0x00000000      0x5c8
 .debug_frame   0x00000000       0x5c binaries/expf.o
 .debug_frame   0x0000005c       0x30 binaries/main.o
 .debug_frame   0x0000008c      0x180 binaries/neo_alloc.o
 .debug_frame   0x0000020c      0x34c binaries/neural_net.o
 .debug_frame   0x00000558       0x70 binaries/startup.o

.debug_rnglists
                0x00000000       0x4f
 .debug_rnglists
                0x00000000       0x2d binaries/neo_alloc.o
 .debug_rnglists
                0x0000002d       0x22 binaries/neural_net.o
